Archive member included to satisfy reference by file (symbol)

/home/eugen/st/stm32cubeide_1.14.0/plugins/com.st.stm32cube.ide.mcu.externaltools.gnu-tools-for-stm32.11.3.rel1.linux64_1.1.100.202309141235/tools/bin/../lib/gcc/arm-none-eabi/11.3.1/../../../../arm-none-eabi/lib/thumb/v7e-m+dp/hard/libc_nano.a(libc_a-exit.o)
                              /home/eugen/st/stm32cubeide_1.14.0/plugins/com.st.stm32cube.ide.mcu.externaltools.gnu-tools-for-stm32.11.3.rel1.linux64_1.1.100.202309141235/tools/bin/../lib/gcc/arm-none-eabi/11.3.1/../../../../arm-none-eabi/lib/thumb/v7e-m+dp/hard/crt0.o (exit)
/home/eugen/st/stm32cubeide_1.14.0/plugins/com.st.stm32cube.ide.mcu.externaltools.gnu-tools-for-stm32.11.3.rel1.linux64_1.1.100.202309141235/tools/bin/../lib/gcc/arm-none-eabi/11.3.1/../../../../arm-none-eabi/lib/thumb/v7e-m+dp/hard/libc_nano.a(libc_a-nano-vfprintf_float.o)
                              (_printf_float)
/home/eugen/st/stm32cubeide_1.14.0/plugins/com.st.stm32cube.ide.mcu.externaltools.gnu-tools-for-stm32.11.3.rel1.linux64_1.1.100.202309141235/tools/bin/../lib/gcc/arm-none-eabi/11.3.1/../../../../arm-none-eabi/lib/thumb/v7e-m+dp/hard/libc_nano.a(libc_a-nano-vfprintf_i.o)
                              /home/eugen/st/stm32cubeide_1.14.0/plugins/com.st.stm32cube.ide.mcu.externaltools.gnu-tools-for-stm32.11.3.rel1.linux64_1.1.100.202309141235/tools/bin/../lib/gcc/arm-none-eabi/11.3.1/../../../../arm-none-eabi/lib/thumb/v7e-m+dp/hard/libc_nano.a(libc_a-nano-vfprintf_float.o) (_printf_common)
/home/eugen/st/stm32cubeide_1.14.0/plugins/com.st.stm32cube.ide.mcu.externaltools.gnu-tools-for-stm32.11.3.rel1.linux64_1.1.100.202309141235/tools/bin/../lib/gcc/arm-none-eabi/11.3.1/../../../../arm-none-eabi/lib/thumb/v7e-m+dp/hard/libc_nano.a(libc_a-findfp.o)
                              /home/eugen/st/stm32cubeide_1.14.0/plugins/com.st.stm32cube.ide.mcu.externaltools.gnu-tools-for-stm32.11.3.rel1.linux64_1.1.100.202309141235/tools/bin/../lib/gcc/arm-none-eabi/11.3.1/../../../../arm-none-eabi/lib/thumb/v7e-m+dp/hard/libc_nano.a(libc_a-exit.o) (__stdio_exit_handler)
/home/eugen/st/stm32cubeide_1.14.0/plugins/com.st.stm32cube.ide.mcu.externaltools.gnu-tools-for-stm32.11.3.rel1.linux64_1.1.100.202309141235/tools/bin/../lib/gcc/arm-none-eabi/11.3.1/../../../../arm-none-eabi/lib/thumb/v7e-m+dp/hard/libc_nano.a(libc_a-fwalk.o)
                              /home/eugen/st/stm32cubeide_1.14.0/plugins/com.st.stm32cube.ide.mcu.externaltools.gnu-tools-for-stm32.11.3.rel1.linux64_1.1.100.202309141235/tools/bin/../lib/gcc/arm-none-eabi/11.3.1/../../../../arm-none-eabi/lib/thumb/v7e-m+dp/hard/libc_nano.a(libc_a-findfp.o) (_fwalk_sglue)
/home/eugen/st/stm32cubeide_1.14.0/plugins/com.st.stm32cube.ide.mcu.externaltools.gnu-tools-for-stm32.11.3.rel1.linux64_1.1.100.202309141235/tools/bin/../lib/gcc/arm-none-eabi/11.3.1/../../../../arm-none-eabi/lib/thumb/v7e-m+dp/hard/libc_nano.a(libc_a-printf.o)
                              ./Core/Src/main.o (printf)
/home/eugen/st/stm32cubeide_1.14.0/plugins/com.st.stm32cube.ide.mcu.externaltools.gnu-tools-for-stm32.11.3.rel1.linux64_1.1.100.202309141235/tools/bin/../lib/gcc/arm-none-eabi/11.3.1/../../../../arm-none-eabi/lib/thumb/v7e-m+dp/hard/libc_nano.a(libc_a-puts.o)
                              ./Core/Src/main.o (puts)
/home/eugen/st/stm32cubeide_1.14.0/plugins/com.st.stm32cube.ide.mcu.externaltools.gnu-tools-for-stm32.11.3.rel1.linux64_1.1.100.202309141235/tools/bin/../lib/gcc/arm-none-eabi/11.3.1/../../../../arm-none-eabi/lib/thumb/v7e-m+dp/hard/libc_nano.a(libc_a-stdio.o)
                              /home/eugen/st/stm32cubeide_1.14.0/plugins/com.st.stm32cube.ide.mcu.externaltools.gnu-tools-for-stm32.11.3.rel1.linux64_1.1.100.202309141235/tools/bin/../lib/gcc/arm-none-eabi/11.3.1/../../../../arm-none-eabi/lib/thumb/v7e-m+dp/hard/libc_nano.a(libc_a-findfp.o) (__sread)
/home/eugen/st/stm32cubeide_1.14.0/plugins/com.st.stm32cube.ide.mcu.externaltools.gnu-tools-for-stm32.11.3.rel1.linux64_1.1.100.202309141235/tools/bin/../lib/gcc/arm-none-eabi/11.3.1/../../../../arm-none-eabi/lib/thumb/v7e-m+dp/hard/libc_nano.a(libc_a-wbuf.o)
                              /home/eugen/st/stm32cubeide_1.14.0/plugins/com.st.stm32cube.ide.mcu.externaltools.gnu-tools-for-stm32.11.3.rel1.linux64_1.1.100.202309141235/tools/bin/../lib/gcc/arm-none-eabi/11.3.1/../../../../arm-none-eabi/lib/thumb/v7e-m+dp/hard/libc_nano.a(libc_a-puts.o) (__swbuf_r)
/home/eugen/st/stm32cubeide_1.14.0/plugins/com.st.stm32cube.ide.mcu.externaltools.gnu-tools-for-stm32.11.3.rel1.linux64_1.1.100.202309141235/tools/bin/../lib/gcc/arm-none-eabi/11.3.1/../../../../arm-none-eabi/lib/thumb/v7e-m+dp/hard/libc_nano.a(libc_a-wsetup.o)
                              /home/eugen/st/stm32cubeide_1.14.0/plugins/com.st.stm32cube.ide.mcu.externaltools.gnu-tools-for-stm32.11.3.rel1.linux64_1.1.100.202309141235/tools/bin/../lib/gcc/arm-none-eabi/11.3.1/../../../../arm-none-eabi/lib/thumb/v7e-m+dp/hard/libc_nano.a(libc_a-puts.o) (__swsetup_r)
[...]
Memory Configuration

Name             Origin             Length             Attributes
RAM              0x0000000020000000 0x0000000000080000 xrw
FLASH            0x0000000008000000 0x0000000000200000 xr
*default*        0x0000000000000000 0xffffffffffffffff

Linker script and memory map

LOAD /home/eugen/st/stm32cubeide_1.14.0/plugins/com.st.stm32cube.ide.mcu.externaltools.gnu-tools-for-stm32.11.3.rel1.linux64_1.1.100.202309141235/tools/bin/../lib/gcc/arm-none-eabi/11.3.1/thumb/v7e-m+dp/hard/crti.o
LOAD /home/eugen/st/stm32cubeide_1.14.0/plugins/com.st.stm32cube.ide.mcu.externaltools.gnu-tools-for-stm32.11.3.rel1.linux64_1.1.100.202309141235/tools/bin/../lib/gcc/arm-none-eabi/11.3.1/thumb/v7e-m+dp/hard/crtbegin.o
LOAD /home/eugen/st/stm32cubeide_1.14.0/plugins/com.st.stm32cube.ide.mcu.externaltools.gnu-tools-for-stm32.11.3.rel1.linux64_1.1.100.202309141235/tools/bin/../lib/gcc/arm-none-eabi/11.3.1/../../../../arm-none-eabi/lib/thumb/v7e-m+dp/hard/crt0.o
LOAD ./Core/Src/cobs.o
LOAD ./Core/Src/ertc-datalogger.o
LOAD ./Core/Src/main.o
LOAD ./Core/Src/stm32f7xx_hal_msp.o
LOAD ./Core/Src/stm32f7xx_it.o
LOAD ./Core/Src/syscalls.o
LOAD ./Core/Src/sysmem.o
LOAD ./Core/Src/system_stm32f7xx.o
LOAD ./Core/Startup/startup_stm32f767zitx.o
LOAD ./Drivers/STM32F7xx_HAL_Driver/Src/stm32f7xx_hal.o
LOAD ./Drivers/STM32F7xx_HAL_Driver/Src/stm32f7xx_hal_adc.o
LOAD ./Drivers/STM32F7xx_HAL_Driver/Src/stm32f7xx_hal_adc_ex.o
LOAD ./Drivers/STM32F7xx_HAL_Driver/Src/stm32f7xx_hal_cortex.o
LOAD ./Drivers/STM32F7xx_HAL_Driver/Src/stm32f7xx_hal_dma.o
LOAD ./Drivers/STM32F7xx_HAL_Driver/Src/stm32f7xx_hal_dma_ex.o
LOAD ./Drivers/STM32F7xx_HAL_Driver/Src/stm32f7xx_hal_exti.o
LOAD ./Drivers/STM32F7xx_HAL_Driver/Src/stm32f7xx_hal_flash.o
LOAD ./Drivers/STM32F7xx_HAL_Driver/Src/stm32f7xx_hal_flash_ex.o
LOAD ./Drivers/STM32F7xx_HAL_Driver/Src/stm32f7xx_hal_gpio.o
LOAD ./Drivers/STM32F7xx_HAL_Driver/Src/stm32f7xx_hal_i2c.o
LOAD ./Drivers/STM32F7xx_HAL_Driver/Src/stm32f7xx_hal_i2c_ex.o
LOAD ./Drivers/STM32F7xx_HAL_Driver/Src/stm32f7xx_hal_pwr.o
LOAD ./Drivers/STM32F7xx_HAL_Driver/Src/stm32f7xx_hal_pwr_ex.o
LOAD ./Drivers/STM32F7xx_HAL_Driver/Src/stm32f7xx_hal_rcc.o
LOAD ./Drivers/STM32F7xx_HAL_Driver/Src/stm32f7xx_hal_rcc_ex.o
LOAD ./Drivers/STM32F7xx_HAL_Driver/Src/stm32f7xx_hal_spi.o
LOAD ./Drivers/STM32F7xx_HAL_Driver/Src/stm32f7xx_hal_spi_ex.o
LOAD ./Drivers/STM32F7xx_HAL_Driver/Src/stm32f7xx_hal_tim.o
LOAD ./Drivers/STM32F7xx_HAL_Driver/Src/stm32f7xx_hal_tim_ex.o
LOAD ./Drivers/STM32F7xx_HAL_Driver/Src/stm32f7xx_hal_uart.o
LOAD ./Drivers/STM32F7xx_HAL_Driver/Src/stm32f7xx_hal_uart_ex.o
START GROUP
LOAD /home/eugen/st/stm32cubeide_1.14.0/plugins/com.st.stm32cube.ide.mcu.externaltools.gnu-tools-for-stm32.11.3.rel1.linux64_1.1.100.202309141235/tools/bin/../lib/gcc/arm-none-eabi/11.3.1/../../../../arm-none-eabi/lib/thumb/v7e-m+dp/hard/libc_nano.a
LOAD /home/eugen/st/stm32cubeide_1.14.0/plugins/com.st.stm32cube.ide.mcu.externaltools.gnu-tools-for-stm32.11.3.rel1.linux64_1.1.100.202309141235/tools/bin/../lib/gcc/arm-none-eabi/11.3.1/../../../../arm-none-eabi/lib/thumb/v7e-m+dp/hard/libm.a
END GROUP
START GROUP
LOAD /home/eugen/st/stm32cubeide_1.14.0/plugins/com.st.stm32cube.ide.mcu.externaltools.gnu-tools-for-stm32.11.3.rel1.linux64_1.1.100.202309141235/tools/bin/../lib/gcc/arm-none-eabi/11.3.1/thumb/v7e-m+dp/hard/libgcc.a
LOAD /home/eugen/st/stm32cubeide_1.14.0/plugins/com.st.stm32cube.ide.mcu.externaltools.gnu-tools-for-stm32.11.3.rel1.linux64_1.1.100.202309141235/tools/bin/../lib/gcc/arm-none-eabi/11.3.1/../../../../arm-none-eabi/lib/thumb/v7e-m+dp/hard/libc_nano.a
END GROUP
START GROUP
LOAD /home/eugen/st/stm32cubeide_1.14.0/plugins/com.st.stm32cube.ide.mcu.externaltools.gnu-tools-for-stm32.11.3.rel1.linux64_1.1.100.202309141235/tools/bin/../lib/gcc/arm-none-eabi/11.3.1/thumb/v7e-m+dp/hard/libgcc.a
LOAD /home/eugen/st/stm32cubeide_1.14.0/plugins/com.st.stm32cube.ide.mcu.externaltools.gnu-tools-for-stm32.11.3.rel1.linux64_1.1.100.202309141235/tools/bin/../lib/gcc/arm-none-eabi/11.3.1/../../../../arm-none-eabi/lib/thumb/v7e-m+dp/hard/libc_nano.a
LOAD /home/eugen/st/stm32cubeide_1.14.0/plugins/com.st.stm32cube.ide.mcu.externaltools.gnu-tools-for-stm32.11.3.rel1.linux64_1.1.100.202309141235/tools/bin/../lib/gcc/arm-none-eabi/11.3.1/../../../../arm-none-eabi/lib/thumb/v7e-m+dp/hard/libnosys.a
END GROUP
START GROUP
LOAD /home/eugen/st/stm32cubeide_1.14.0/plugins/com.st.stm32cube.ide.mcu.externaltools.gnu-tools-for-stm32.11.3.rel1.linux64_1.1.100.202309141235/tools/bin/../lib/gcc/arm-none-eabi/11.3.1/thumb/v7e-m+dp/hard/libgcc.a
LOAD /home/eugen/st/stm32cubeide_1.14.0/plugins/com.st.stm32cube.ide.mcu.externaltools.gnu-tools-for-stm32.11.3.rel1.linux64_1.1.100.202309141235/tools/bin/../lib/gcc/arm-none-eabi/11.3.1/../../../../arm-none-eabi/lib/thumb/v7e-m+dp/hard/libc_nano.a
LOAD /home/eugen/st/stm32cubeide_1.14.0/plugins/com.st.stm32cube.ide.mcu.externaltools.gnu-tools-for-stm32.11.3.rel1.linux64_1.1.100.202309141235/tools/bin/../lib/gcc/arm-none-eabi/11.3.1/../../../../arm-none-eabi/lib/thumb/v7e-m+dp/hard/libnosys.a
END GROUP
LOAD /home/eugen/st/stm32cubeide_1.14.0/plugins/com.st.stm32cube.ide.mcu.externaltools.gnu-tools-for-stm32.11.3.rel1.linux64_1.1.100.202309141235/tools/bin/../lib/gcc/arm-none-eabi/11.3.1/thumb/v7e-m+dp/hard/crtend.o
LOAD /home/eugen/st/stm32cubeide_1.14.0/plugins/com.st.stm32cube.ide.mcu.externaltools.gnu-tools-for-stm32.11.3.rel1.linux64_1.1.100.202309141235/tools/bin/../lib/gcc/arm-none-eabi/11.3.1/thumb/v7e-m+dp/hard/crtn.o
                0x0000000020080000                _estack = (ORIGIN (RAM) + LENGTH (RAM))
                0x0000000000000200                _Min_Heap_Size = 0x200
                0x0000000000000400                _Min_Stack_Size = 0x400

.isr_vector     0x0000000008000000      0x1f8
                0x0000000008000000                . = ALIGN (0x4)
 *(.isr_vector)
 .isr_vector    0x0000000008000000      0x1f8 ./Core/Startup/startup_stm32f767zitx.o
                0x0000000008000000                g_pfnVectors
                0x00000000080001f8                . = ALIGN (0x4)

.text           0x0000000008000200     0xa830
                0x0000000008000200                . = ALIGN (0x4)
 *(.text)
 .text          0x0000000008000200       0x40 /home/eugen/st/stm32cubeide_1.14.0/plugins/com.st.stm32cube.ide.mcu.externaltools.gnu-tools-for-stm32.11.3.rel1.linux64_1.1.100.202309141235/tools/bin/../lib/gcc/arm-none-eabi/11.3.1/thumb/v7e-m+dp/hard/crtbegin.o
 .text          0x0000000008000240       0xa0 /home/eugen/st/stm32cubeide_1.14.0/plugins/com.st.stm32cube.ide.mcu.externaltools.gnu-tools-for-stm32.11.3.rel1.linux64_1.1.100.202309141235/tools/bin/../lib/gcc/arm-none-eabi/11.3.1/../../../../arm-none-eabi/lib/thumb/v7e-m+dp/hard/libc_nano.a(libc_a-memchr.o)
                0x0000000008000240                memchr
 .text          0x00000000080002e0       0x10 /home/eugen/st/stm32cubeide_1.14.0/plugins/com.st.stm32cube.ide.mcu.externaltools.gnu-tools-for-stm32.11.3.rel1.linux64_1.1.100.202309141235/tools/bin/../lib/gcc/arm-none-eabi/11.3.1/../../../../arm-none-eabi/lib/thumb/v7e-m+dp/hard/libc_nano.a(libc_a-strlen.o)
                0x00000000080002e0                strlen
 .text          0x00000000080002f0       0x30 /home/eugen/st/stm32cubeide_1.14.0/plugins/com.st.stm32cube.ide.mcu.externaltools.gnu-tools-for-stm32.11.3.rel1.linux64_1.1.100.202309141235/tools/bin/../lib/gcc/arm-none-eabi/11.3.1/thumb/v7e-m+dp/hard/libgcc.a(_aeabi_uldivmod.o)
                0x00000000080002f0                __aeabi_uldivmod
 .text          0x0000000008000320      0x2c8 /home/eugen/st/stm32cubeide_1.14.0/plugins/com.st.stm32cube.ide.mcu.externaltools.gnu-tools-for-stm32.11.3.rel1.linux64_1.1.100.202309141235/tools/bin/../lib/gcc/arm-none-eabi/11.3.1/thumb/v7e-m+dp/hard/libgcc.a(_udivmoddi4.o)
                0x0000000008000320                __udivmoddi4
 .text          0x00000000080005e8        0x4 /home/eugen/st/stm32cubeide_1.14.0/plugins/com.st.stm32cube.ide.mcu.externaltools.gnu-tools-for-stm32.11.3.rel1.linux64_1.1.100.202309141235/tools/bin/../lib/gcc/arm-none-eabi/11.3.1/thumb/v7e-m+dp/hard/libgcc.a(_dvmd_tls.o)
                0x00000000080005e8                __aeabi_ldiv0
                0x00000000080005e8                __aeabi_idiv0
 *(.text*)
 .text.cobsEncode
                0x00000000080005ec       0x94 ./Core/Src/cobs.o
                0x00000000080005ec                cobsEncode
 .text.ertc_dlog_send
                0x0000000008000680       0x58 ./Core/Src/ertc-datalogger.o
                0x0000000008000680                ertc_dlog_send
 .text.ertc_dlog_update
                0x00000000080006d8       0x4e ./Core/Src/ertc-datalogger.o
                0x00000000080006d8                ertc_dlog_update
 .text.ITM_SendChar
                0x0000000008000726       0x4e ./Core/Src/main.o
 *fill*         0x0000000008000774        0x4 
 .text.update_encoder
                0x0000000008000778      0x128 ./Core/Src/main.o
                0x0000000008000778                update_encoder
 .text.set_pid_gains
                0x00000000080008a0       0x32 ./Core/Src/main.o
                0x00000000080008a0                set_pid_gains
 .text.reset_pid
                0x00000000080008d2       0x2c ./Core/Src/main.o
                0x00000000080008d2                reset_pid
 *fill*         0x00000000080008fe        0x2 
 .text.apply_pid
                0x0000000008000900      0x148 ./Core/Src/main.o
                0x0000000008000900                apply_pid
 .text.HAL_TIM_PeriodElapsedCallback
                0x0000000008000a48      0x36c ./Core/Src/main.o
                0x0000000008000a48                HAL_TIM_PeriodElapsedCallback
 .text.HAL_GPIO_EXTI_Callback
                0x0000000008000db4       0x24 ./Core/Src/main.o
                0x0000000008000db4                HAL_GPIO_EXTI_Callback
 .text.main     0x0000000008000dd8      0x2f8 ./Core/Src/main.o
                0x0000000008000dd8                main
 .text.SystemClock_Config
                0x00000000080010d0       0xe4 ./Core/Src/main.o
                0x00000000080010d0                SystemClock_Config
 .text.MX_ADC1_Init
                0x00000000080011b4       0xa4 ./Core/Src/main.o
 .text.MX_I2C1_Init
                0x0000000008001258       0x80 ./Core/Src/main.o
 .text.MX_I2C2_Init
                0x00000000080012d8       0x80 ./Core/Src/main.o
 .text.MX_SPI1_Init
                0x0000000008001358       0x7c ./Core/Src/main.o
 .text.MX_TIM1_Init
                0x00000000080013d4      0x1a0 ./Core/Src/main.o
 .text.MX_TIM2_Init
                0x0000000008001574      0x134 ./Core/Src/main.o
 .text.MX_TIM3_Init
                0x00000000080016a8       0xac ./Core/Src/main.o
 .text.MX_TIM4_Init
                0x0000000008001754       0xac ./Core/Src/main.o
 .text.MX_TIM5_Init
                0x0000000008001800       0xf0 ./Core/Src/main.o
 .text.MX_TIM6_Init
                0x00000000080018f0       0x70 ./Core/Src/main.o
 .text.MX_TIM8_Init
                0x0000000008001960      0x1a4 ./Core/Src/main.o
 .text.MX_TIM9_Init
                0x0000000008001b04       0xa0 ./Core/Src/main.o
 .text.MX_UART4_Init
                0x0000000008001ba4       0x60 ./Core/Src/main.o
 .text.MX_UART5_Init
                0x0000000008001c04       0x60 ./Core/Src/main.o
 .text.MX_USART1_UART_Init
                0x0000000008001c64       0x60 ./Core/Src/main.o
 .text.MX_USART2_UART_Init
                0x0000000008001cc4       0x60 ./Core/Src/main.o
 .text.MX_USART3_UART_Init
                0x0000000008001d24       0x60 ./Core/Src/main.o
 .text.MX_GPIO_Init
                0x0000000008001d84      0x274 ./Core/Src/main.o
 .text._write   0x0000000008001ff8       0x38 ./Core/Src/main.o
                0x0000000008001ff8                _write
 .text.Error_Handler
                0x0000000008002030        0xa ./Core/Src/main.o
                0x0000000008002030                Error_Handler
 *fill*         0x000000000800203a        0x2 
 .text.HAL_MspInit
                0x000000000800203c       0x48 ./Core/Src/stm32f7xx_hal_msp.o
                0x000000000800203c                HAL_MspInit
 .text.HAL_ADC_MspInit
                0x0000000008002084       0x80 ./Core/Src/stm32f7xx_hal_msp.o
                0x0000000008002084                HAL_ADC_MspInit
 .text.HAL_I2C_MspInit
                0x0000000008002104      0x150 ./Core/Src/stm32f7xx_hal_msp.o
                0x0000000008002104                HAL_I2C_MspInit
 .text.HAL_SPI_MspInit
                0x0000000008002254      0x100 ./Core/Src/stm32f7xx_hal_msp.o
                0x0000000008002254                HAL_SPI_MspInit
 .text.HAL_TIM_Base_MspInit
                0x0000000008002354      0x134 ./Core/Src/stm32f7xx_hal_msp.o
                0x0000000008002354                HAL_TIM_Base_MspInit
 .text.HAL_TIM_Encoder_MspInit
                0x0000000008002488       0xec ./Core/Src/stm32f7xx_hal_msp.o
                0x0000000008002488                HAL_TIM_Encoder_MspInit
 .text.HAL_TIM_PWM_MspInit
                0x0000000008002574       0x40 ./Core/Src/stm32f7xx_hal_msp.o
                0x0000000008002574                HAL_TIM_PWM_MspInit
 .text.HAL_TIM_MspPostInit
                0x00000000080025b4      0x198 ./Core/Src/stm32f7xx_hal_msp.o
                0x00000000080025b4                HAL_TIM_MspPostInit
 .text.HAL_UART_MspInit
                0x000000000800274c      0x368 ./Core/Src/stm32f7xx_hal_msp.o
                0x000000000800274c                HAL_UART_MspInit
 .text.NMI_Handler
                0x0000000008002ab4        0x6 ./Core/Src/stm32f7xx_it.o
                0x0000000008002ab4                NMI_Handler
 .text.HardFault_Handler
                0x0000000008002aba        0x6 ./Core/Src/stm32f7xx_it.o
                0x0000000008002aba                HardFault_Handler
 .text.MemManage_Handler
                0x0000000008002ac0        0x6 ./Core/Src/stm32f7xx_it.o
                0x0000000008002ac0                MemManage_Handler
 .text.BusFault_Handler
                0x0000000008002ac6        0x6 ./Core/Src/stm32f7xx_it.o
                0x0000000008002ac6                BusFault_Handler
 .text.UsageFault_Handler
                0x0000000008002acc        0x6 ./Core/Src/stm32f7xx_it.o
                0x0000000008002acc                UsageFault_Handler
 .text.SVC_Handler
                0x0000000008002ad2        0xe ./Core/Src/stm32f7xx_it.o
                0x0000000008002ad2                SVC_Handler
 .text.DebugMon_Handler
                0x0000000008002ae0        0xe ./Core/Src/stm32f7xx_it.o
                0x0000000008002ae0                DebugMon_Handler
 .text.PendSV_Handler
                0x0000000008002aee        0xe ./Core/Src/stm32f7xx_it.o
                0x0000000008002aee                PendSV_Handler
 .text.SysTick_Handler
                0x0000000008002afc        0xc ./Core/Src/stm32f7xx_it.o
                0x0000000008002afc                SysTick_Handler
 .text.EXTI9_5_IRQHandler
                0x0000000008002b08       0x18 ./Core/Src/stm32f7xx_it.o
                0x0000000008002b08                EXTI9_5_IRQHandler
 .text.TIM6_DAC_IRQHandler
                0x0000000008002b20       0x14 ./Core/Src/stm32f7xx_it.o
                0x0000000008002b20                TIM6_DAC_IRQHandler
 .text._getpid  0x0000000008002b34       0x10 ./Core/Src/syscalls.o
                0x0000000008002b34                _getpid
 .text._kill    0x0000000008002b44       0x20 ./Core/Src/syscalls.o
                0x0000000008002b44                _kill
 .text._exit    0x0000000008002b64       0x14 ./Core/Src/syscalls.o
                0x0000000008002b64                _exit
 .text._read    0x0000000008002b78       0x3a ./Core/Src/syscalls.o
                0x0000000008002b78                _read
 .text._close   0x0000000008002bb2       0x18 ./Core/Src/syscalls.o
                0x0000000008002bb2                _close
 .text._fstat   0x0000000008002bca       0x20 ./Core/Src/syscalls.o
                0x0000000008002bca                _fstat
 .text._isatty  0x0000000008002bea       0x16 ./Core/Src/syscalls.o
                0x0000000008002bea                _isatty
 .text._lseek   0x0000000008002c00       0x1a ./Core/Src/syscalls.o
                0x0000000008002c00                _lseek
 *fill*         0x0000000008002c1a        0x2 
 .text._sbrk    0x0000000008002c1c       0x6c ./Core/Src/sysmem.o
                0x0000000008002c1c                _sbrk
 .text.SystemInit
                0x0000000008002c88       0x2c ./Core/Src/system_stm32f7xx.o
                0x0000000008002c88                SystemInit
 .text.Reset_Handler
                0x0000000008002cb4       0x50 ./Core/Startup/startup_stm32f767zitx.o
                0x0000000008002cb4                Reset_Handler
 .text.Default_Handler
                0x0000000008002d04        0x2 ./Core/Startup/startup_stm32f767zitx.o
                0x0000000008002d04                RTC_Alarm_IRQHandler
                0x0000000008002d04                EXTI2_IRQHandler
                0x0000000008002d04                TIM8_CC_IRQHandler
                0x0000000008002d04                UART8_IRQHandler
                0x0000000008002d04                SPI4_IRQHandler
                0x0000000008002d04                TIM1_CC_IRQHandler
                0x0000000008002d04                DMA2_Stream5_IRQHandler
                0x0000000008002d04                JPEG_IRQHandler
                0x0000000008002d04                DMA1_Stream5_IRQHandler
                0x0000000008002d04                CAN3_RX1_IRQHandler
                0x0000000008002d04                PVD_IRQHandler
                0x0000000008002d04                TAMP_STAMP_IRQHandler
                0x0000000008002d04                CAN2_RX1_IRQHandler
                0x0000000008002d04                EXTI3_IRQHandler
                0x0000000008002d04                TIM8_TRG_COM_TIM14_IRQHandler
                0x0000000008002d04                DFSDM1_FLT1_IRQHandler
                0x0000000008002d04                TIM1_UP_TIM10_IRQHandler
                0x0000000008002d04                TIM8_UP_TIM13_IRQHandler
                0x0000000008002d04                I2C3_ER_IRQHandler
                0x0000000008002d04                DFSDM1_FLT2_IRQHandler
                0x0000000008002d04                EXTI0_IRQHandler
                0x0000000008002d04                I2C2_EV_IRQHandler
                0x0000000008002d04                DMA1_Stream2_IRQHandler
                0x0000000008002d04                CAN1_RX0_IRQHandler
                0x0000000008002d04                FPU_IRQHandler
                0x0000000008002d04                OTG_HS_WKUP_IRQHandler
                0x0000000008002d04                CAN3_SCE_IRQHandler
                0x0000000008002d04                LTDC_ER_IRQHandler
                0x0000000008002d04                CAN2_SCE_IRQHandler
                0x0000000008002d04                DMA2_Stream2_IRQHandler
                0x0000000008002d04                SPI1_IRQHandler
                0x0000000008002d04                TIM1_BRK_TIM9_IRQHandler
                0x0000000008002d04                DCMI_IRQHandler
                0x0000000008002d04                CAN2_RX0_IRQHandler
                0x0000000008002d04                DMA2_Stream3_IRQHandler
                0x0000000008002d04                SAI2_IRQHandler
                0x0000000008002d04                DFSDM1_FLT3_IRQHandler
                0x0000000008002d04                USART6_IRQHandler
                0x0000000008002d04                CAN3_RX0_IRQHandler
                0x0000000008002d04                USART3_IRQHandler
                0x0000000008002d04                CAN1_RX1_IRQHandler
                0x0000000008002d04                UART5_IRQHandler
                0x0000000008002d04                DMA2_Stream0_IRQHandler
                0x0000000008002d04                TIM4_IRQHandler
                0x0000000008002d04                QUADSPI_IRQHandler
                0x0000000008002d04                I2C1_EV_IRQHandler
                0x0000000008002d04                DMA1_Stream6_IRQHandler
                0x0000000008002d04                DMA1_Stream1_IRQHandler
                0x0000000008002d04                UART4_IRQHandler
                0x0000000008002d04                TIM3_IRQHandler
                0x0000000008002d04                RCC_IRQHandler
                0x0000000008002d04                TIM8_BRK_TIM12_IRQHandler
                0x0000000008002d04                Default_Handler
                0x0000000008002d04                CEC_IRQHandler
                0x0000000008002d04                EXTI15_10_IRQHandler
                0x0000000008002d04                ADC_IRQHandler
                0x0000000008002d04                DMA1_Stream7_IRQHandler
                0x0000000008002d04                SPI5_IRQHandler
                0x0000000008002d04                TIM7_IRQHandler
                0x0000000008002d04                SDMMC1_IRQHandler
                0x0000000008002d04                CAN2_TX_IRQHandler
                0x0000000008002d04                TIM5_IRQHandler
                0x0000000008002d04                DMA2_Stream7_IRQHandler
                0x0000000008002d04                I2C3_EV_IRQHandler
                0x0000000008002d04                RTC_WKUP_IRQHandler
                0x0000000008002d04                LTDC_IRQHandler
                0x0000000008002d04                ETH_WKUP_IRQHandler
                0x0000000008002d04                SPDIF_RX_IRQHandler
                0x0000000008002d04                SPI2_IRQHandler
                0x0000000008002d04                OTG_HS_EP1_IN_IRQHandler
                0x0000000008002d04                DMA1_Stream0_IRQHandler
                0x0000000008002d04                CAN1_TX_IRQHandler
                0x0000000008002d04                EXTI4_IRQHandler
                0x0000000008002d04                RNG_IRQHandler
                0x0000000008002d04                ETH_IRQHandler
                0x0000000008002d04                OTG_HS_EP1_OUT_IRQHandler
                0x0000000008002d04                WWDG_IRQHandler
                0x0000000008002d04                SPI6_IRQHandler
                0x0000000008002d04                MDIOS_IRQHandler
                0x0000000008002d04                I2C4_EV_IRQHandler
                0x0000000008002d04                CAN3_TX_IRQHandler
                0x0000000008002d04                TIM2_IRQHandler
                0x0000000008002d04                OTG_FS_WKUP_IRQHandler
                0x0000000008002d04                TIM1_TRG_COM_TIM11_IRQHandler
                0x0000000008002d04                OTG_HS_IRQHandler
                0x0000000008002d04                DMA2D_IRQHandler
                0x0000000008002d04                EXTI1_IRQHandler
                0x0000000008002d04                SDMMC2_IRQHandler
                0x0000000008002d04                UART7_IRQHandler
                0x0000000008002d04                USART2_IRQHandler
                0x0000000008002d04                DFSDM1_FLT0_IRQHandler
                0x0000000008002d04                I2C2_ER_IRQHandler
                0x0000000008002d04                DMA2_Stream1_IRQHandler
                0x0000000008002d04                CAN1_SCE_IRQHandler
                0x0000000008002d04                FLASH_IRQHandler
                0x0000000008002d04                DMA2_Stream4_IRQHandler
                0x0000000008002d04                USART1_IRQHandler
                0x0000000008002d04                OTG_FS_IRQHandler
                0x0000000008002d04                SPI3_IRQHandler
                0x0000000008002d04                DMA1_Stream4_IRQHandler
                0x0000000008002d04                I2C1_ER_IRQHandler
                0x0000000008002d04                FMC_IRQHandler
                0x0000000008002d04                LPTIM1_IRQHandler
                0x0000000008002d04                I2C4_ER_IRQHandler
                0x0000000008002d04                DMA2_Stream6_IRQHandler
                0x0000000008002d04                SAI1_IRQHandler
                0x0000000008002d04                DMA1_Stream3_IRQHandler
 .text.HAL_Init
                0x0000000008002d06       0x1a ./Drivers/STM32F7xx_HAL_Driver/Src/stm32f7xx_hal.o
                0x0000000008002d06                HAL_Init
 .text.HAL_InitTick
                0x0000000008002d20       0x60 ./Drivers/STM32F7xx_HAL_Driver/Src/stm32f7xx_hal.o
                0x0000000008002d20                HAL_InitTick
 .text.HAL_IncTick
                0x0000000008002d80       0x28 ./Drivers/STM32F7xx_HAL_Driver/Src/stm32f7xx_hal.o
                0x0000000008002d80                HAL_IncTick
 .text.HAL_GetTick
                0x0000000008002da8       0x18 ./Drivers/STM32F7xx_HAL_Driver/Src/stm32f7xx_hal.o
                0x0000000008002da8                HAL_GetTick
 .text.HAL_Delay
                0x0000000008002dc0       0x48 ./Drivers/STM32F7xx_HAL_Driver/Src/stm32f7xx_hal.o
                0x0000000008002dc0                HAL_Delay
 .text.HAL_ADC_Init
                0x0000000008002e08       0x88 ./Drivers/STM32F7xx_HAL_Driver/Src/stm32f7xx_hal_adc.o
                0x0000000008002e08                HAL_ADC_Init
 .text.HAL_ADC_ConfigChannel
                0x0000000008002e90      0x2ac ./Drivers/STM32F7xx_HAL_Driver/Src/stm32f7xx_hal_adc.o
                0x0000000008002e90                HAL_ADC_ConfigChannel
 .text.ADC_Init
                0x000000000800313c      0x1f4 ./Drivers/STM32F7xx_HAL_Driver/Src/stm32f7xx_hal_adc.o
 .text.__NVIC_SetPriorityGrouping
                0x0000000008003330       0x48 ./Drivers/STM32F7xx_HAL_Driver/Src/stm32f7xx_hal_cortex.o
 .text.__NVIC_GetPriorityGrouping
                0x0000000008003378       0x1c ./Drivers/STM32F7xx_HAL_Driver/Src/stm32f7xx_hal_cortex.o
 .text.__NVIC_EnableIRQ
                0x0000000008003394       0x3c ./Drivers/STM32F7xx_HAL_Driver/Src/stm32f7xx_hal_cortex.o
 .text.__NVIC_SetPriority
                0x00000000080033d0       0x54 ./Drivers/STM32F7xx_HAL_Driver/Src/stm32f7xx_hal_cortex.o
 .text.NVIC_EncodePriority
                0x0000000008003424       0x66 ./Drivers/STM32F7xx_HAL_Driver/Src/stm32f7xx_hal_cortex.o
 *fill*         0x000000000800348a        0x2 
 .text.SysTick_Config
                0x000000000800348c       0x44 ./Drivers/STM32F7xx_HAL_Driver/Src/stm32f7xx_hal_cortex.o
 .text.HAL_NVIC_SetPriorityGrouping
                0x00000000080034d0       0x16 ./Drivers/STM32F7xx_HAL_Driver/Src/stm32f7xx_hal_cortex.o
                0x00000000080034d0                HAL_NVIC_SetPriorityGrouping
 .text.HAL_NVIC_SetPriority
                0x00000000080034e6       0x38 ./Drivers/STM32F7xx_HAL_Driver/Src/stm32f7xx_hal_cortex.o
                0x00000000080034e6                HAL_NVIC_SetPriority
 .text.HAL_NVIC_EnableIRQ
                0x000000000800351e       0x1c ./Drivers/STM32F7xx_HAL_Driver/Src/stm32f7xx_hal_cortex.o
                0x000000000800351e                HAL_NVIC_EnableIRQ
 .text.HAL_SYSTICK_Config
                0x000000000800353a       0x18 ./Drivers/STM32F7xx_HAL_Driver/Src/stm32f7xx_hal_cortex.o
                0x000000000800353a                HAL_SYSTICK_Config
 *fill*         0x0000000008003552        0x2 
 .text.HAL_GPIO_Init
                0x0000000008003554      0x358 ./Drivers/STM32F7xx_HAL_Driver/Src/stm32f7xx_hal_gpio.o
                0x0000000008003554                HAL_GPIO_Init
 .text.HAL_GPIO_WritePin
                0x00000000080038ac       0x32 ./Drivers/STM32F7xx_HAL_Driver/Src/stm32f7xx_hal_gpio.o
                0x00000000080038ac                HAL_GPIO_WritePin
 *fill*         0x00000000080038de        0x2 
 .text.HAL_GPIO_EXTI_IRQHandler
                0x00000000080038e0       0x30 ./Drivers/STM32F7xx_HAL_Driver/Src/stm32f7xx_hal_gpio.o
                0x00000000080038e0                HAL_GPIO_EXTI_IRQHandler
 .text.HAL_I2C_Init
                0x0000000008003910      0x120 ./Drivers/STM32F7xx_HAL_Driver/Src/stm32f7xx_hal_i2c.o
                0x0000000008003910                HAL_I2C_Init
 .text.HAL_I2C_Mem_Write
                0x0000000008003a30      0x228 ./Drivers/STM32F7xx_HAL_Driver/Src/stm32f7xx_hal_i2c.o
                0x0000000008003a30                HAL_I2C_Mem_Write
 .text.HAL_I2C_Mem_Read
                0x0000000008003c58      0x234 ./Drivers/STM32F7xx_HAL_Driver/Src/stm32f7xx_hal_i2c.o
                0x0000000008003c58                HAL_I2C_Mem_Read
 .text.I2C_RequestMemoryWrite
                0x0000000008003e8c       0xa8 ./Drivers/STM32F7xx_HAL_Driver/Src/stm32f7xx_hal_i2c.o
 .text.I2C_RequestMemoryRead
                0x0000000008003f34       0xa8 ./Drivers/STM32F7xx_HAL_Driver/Src/stm32f7xx_hal_i2c.o
 .text.I2C_Flush_TXDR
                0x0000000008003fdc       0x48 ./Drivers/STM32F7xx_HAL_Driver/Src/stm32f7xx_hal_i2c.o
 .text.I2C_WaitOnFlagUntilTimeout
                0x0000000008004024       0x80 ./Drivers/STM32F7xx_HAL_Driver/Src/stm32f7xx_hal_i2c.o
 .text.I2C_WaitOnTXISFlagUntilTimeout
                0x00000000080040a4       0x80 ./Drivers/STM32F7xx_HAL_Driver/Src/stm32f7xx_hal_i2c.o
 .text.I2C_WaitOnSTOPFlagUntilTimeout
                0x0000000008004124       0x78 ./Drivers/STM32F7xx_HAL_Driver/Src/stm32f7xx_hal_i2c.o
 .text.I2C_IsErrorOccurred
                0x000000000800419c      0x1c0 ./Drivers/STM32F7xx_HAL_Driver/Src/stm32f7xx_hal_i2c.o
 .text.I2C_TransferConfig
                0x000000000800435c       0x64 ./Drivers/STM32F7xx_HAL_Driver/Src/stm32f7xx_hal_i2c.o
 .text.HAL_I2CEx_ConfigAnalogFilter
                0x00000000080043c0       0x96 ./Drivers/STM32F7xx_HAL_Driver/Src/stm32f7xx_hal_i2c_ex.o
                0x00000000080043c0                HAL_I2CEx_ConfigAnalogFilter
 .text.HAL_I2CEx_ConfigDigitalFilter
                0x0000000008004456       0x98 ./Drivers/STM32F7xx_HAL_Driver/Src/stm32f7xx_hal_i2c_ex.o
                0x0000000008004456                HAL_I2CEx_ConfigDigitalFilter
 *fill*         0x00000000080044ee        0x2 
 .text.HAL_PWR_EnableBkUpAccess
                0x00000000080044f0       0x20 ./Drivers/STM32F7xx_HAL_Driver/Src/stm32f7xx_hal_pwr.o
                0x00000000080044f0                HAL_PWR_EnableBkUpAccess
 .text.HAL_PWREx_EnableOverDrive
                0x0000000008004510       0xa0 ./Drivers/STM32F7xx_HAL_Driver/Src/stm32f7xx_hal_pwr_ex.o
                0x0000000008004510                HAL_PWREx_EnableOverDrive
 .text.HAL_RCC_OscConfig
                0x00000000080045b0      0x55c ./Drivers/STM32F7xx_HAL_Driver/Src/stm32f7xx_hal_rcc.o
                0x00000000080045b0                HAL_RCC_OscConfig
 .text.HAL_RCC_ClockConfig
                0x0000000008004b0c      0x1d8 ./Drivers/STM32F7xx_HAL_Driver/Src/stm32f7xx_hal_rcc.o
                0x0000000008004b0c                HAL_RCC_ClockConfig
 .text.HAL_RCC_GetSysClockFreq
                0x0000000008004ce4      0x20c ./Drivers/STM32F7xx_HAL_Driver/Src/stm32f7xx_hal_rcc.o
                0x0000000008004ce4                HAL_RCC_GetSysClockFreq
 .text.HAL_RCC_GetHCLKFreq
                0x0000000008004ef0       0x18 ./Drivers/STM32F7xx_HAL_Driver/Src/stm32f7xx_hal_rcc.o
                0x0000000008004ef0                HAL_RCC_GetHCLKFreq
 .text.HAL_RCC_GetPCLK1Freq
                0x0000000008004f08       0x28 ./Drivers/STM32F7xx_HAL_Driver/Src/stm32f7xx_hal_rcc.o
                0x0000000008004f08                HAL_RCC_GetPCLK1Freq
 .text.HAL_RCC_GetPCLK2Freq
                0x0000000008004f30       0x28 ./Drivers/STM32F7xx_HAL_Driver/Src/stm32f7xx_hal_rcc.o
                0x0000000008004f30                HAL_RCC_GetPCLK2Freq
 .text.HAL_RCCEx_PeriphCLKConfig
                0x0000000008004f58      0x850 ./Drivers/STM32F7xx_HAL_Driver/Src/stm32f7xx_hal_rcc_ex.o
                0x0000000008004f58                HAL_RCCEx_PeriphCLKConfig
 .text.HAL_SPI_Init
                0x00000000080057a8      0x156 ./Drivers/STM32F7xx_HAL_Driver/Src/stm32f7xx_hal_spi.o
                0x00000000080057a8                HAL_SPI_Init
 .text.HAL_TIM_Base_Init
                0x00000000080058fe       0xae ./Drivers/STM32F7xx_HAL_Driver/Src/stm32f7xx_hal_tim.o
                0x00000000080058fe                HAL_TIM_Base_Init
 .text.HAL_TIM_Base_Start_IT
                0x00000000080059ac       0xf0 ./Drivers/STM32F7xx_HAL_Driver/Src/stm32f7xx_hal_tim.o
                0x00000000080059ac                HAL_TIM_Base_Start_IT
 .text.HAL_TIM_OC_Init
                0x0000000008005a9c       0xae ./Drivers/STM32F7xx_HAL_Driver/Src/stm32f7xx_hal_tim.o
                0x0000000008005a9c                HAL_TIM_OC_Init
 .text.HAL_TIM_OC_MspInit
                0x0000000008005b4a       0x14 ./Drivers/STM32F7xx_HAL_Driver/Src/stm32f7xx_hal_tim.o
                0x0000000008005b4a                HAL_TIM_OC_MspInit
 .text.HAL_TIM_PWM_Init
                0x0000000008005b5e       0xae ./Drivers/STM32F7xx_HAL_Driver/Src/stm32f7xx_hal_tim.o
                0x0000000008005b5e                HAL_TIM_PWM_Init
 .text.HAL_TIM_PWM_Start
                0x0000000008005c0c      0x1f4 ./Drivers/STM32F7xx_HAL_Driver/Src/stm32f7xx_hal_tim.o
                0x0000000008005c0c                HAL_TIM_PWM_Start
 .text.HAL_TIM_IC_Init
                0x0000000008005e00       0xae ./Drivers/STM32F7xx_HAL_Driver/Src/stm32f7xx_hal_tim.o
                0x0000000008005e00                HAL_TIM_IC_Init
 .text.HAL_TIM_IC_MspInit
                0x0000000008005eae       0x14 ./Drivers/STM32F7xx_HAL_Driver/Src/stm32f7xx_hal_tim.o
                0x0000000008005eae                HAL_TIM_IC_MspInit
 *fill*         0x0000000008005ec2        0x2 
 .text.HAL_TIM_Encoder_Init
                0x0000000008005ec4      0x14c ./Drivers/STM32F7xx_HAL_Driver/Src/stm32f7xx_hal_tim.o
                0x0000000008005ec4                HAL_TIM_Encoder_Init
 .text.HAL_TIM_Encoder_Start
                0x0000000008006010      0x11c ./Drivers/STM32F7xx_HAL_Driver/Src/stm32f7xx_hal_tim.o
                0x0000000008006010                HAL_TIM_Encoder_Start
 .text.HAL_TIM_IRQHandler
                0x000000000800612c      0x23e ./Drivers/STM32F7xx_HAL_Driver/Src/stm32f7xx_hal_tim.o
                0x000000000800612c                HAL_TIM_IRQHandler
 *fill*         0x000000000800636a        0x2 
 .text.HAL_TIM_OC_ConfigChannel
                0x000000000800636c       0xf4 ./Drivers/STM32F7xx_HAL_Driver/Src/stm32f7xx_hal_tim.o
                0x000000000800636c                HAL_TIM_OC_ConfigChannel
 .text.HAL_TIM_IC_ConfigChannel
                0x0000000008006460      0x138 ./Drivers/STM32F7xx_HAL_Driver/Src/stm32f7xx_hal_tim.o
                0x0000000008006460                HAL_TIM_IC_ConfigChannel
 .text.HAL_TIM_PWM_ConfigChannel
                0x0000000008006598      0x228 ./Drivers/STM32F7xx_HAL_Driver/Src/stm32f7xx_hal_tim.o
                0x0000000008006598                HAL_TIM_PWM_ConfigChannel
 .text.HAL_TIM_ConfigClockSource
                0x00000000080067c0      0x194 ./Drivers/STM32F7xx_HAL_Driver/Src/stm32f7xx_hal_tim.o
                0x00000000080067c0                HAL_TIM_ConfigClockSource
 .text.HAL_TIM_OC_DelayElapsedCallback
                0x0000000008006954       0x14 ./Drivers/STM32F7xx_HAL_Driver/Src/stm32f7xx_hal_tim.o
                0x0000000008006954                HAL_TIM_OC_DelayElapsedCallback
 .text.HAL_TIM_IC_CaptureCallback
                0x0000000008006968       0x14 ./Drivers/STM32F7xx_HAL_Driver/Src/stm32f7xx_hal_tim.o
                0x0000000008006968                HAL_TIM_IC_CaptureCallback
 .text.HAL_TIM_PWM_PulseFinishedCallback
                0x000000000800697c       0x14 ./Drivers/STM32F7xx_HAL_Driver/Src/stm32f7xx_hal_tim.o
                0x000000000800697c                HAL_TIM_PWM_PulseFinishedCallback
 .text.HAL_TIM_TriggerCallback
                0x0000000008006990       0x14 ./Drivers/STM32F7xx_HAL_Driver/Src/stm32f7xx_hal_tim.o
                0x0000000008006990                HAL_TIM_TriggerCallback
 .text.TIM_Base_SetConfig
                0x00000000080069a4      0x140 ./Drivers/STM32F7xx_HAL_Driver/Src/stm32f7xx_hal_tim.o
                0x00000000080069a4                TIM_Base_SetConfig
 .text.TIM_OC1_SetConfig
                0x0000000008006ae4       0xe4 ./Drivers/STM32F7xx_HAL_Driver/Src/stm32f7xx_hal_tim.o
 .text.TIM_OC2_SetConfig
                0x0000000008006bc8       0xf0 ./Drivers/STM32F7xx_HAL_Driver/Src/stm32f7xx_hal_tim.o
                0x0000000008006bc8                TIM_OC2_SetConfig
 .text.TIM_OC3_SetConfig
                0x0000000008006cb8       0xec ./Drivers/STM32F7xx_HAL_Driver/Src/stm32f7xx_hal_tim.o
 .text.TIM_OC4_SetConfig
                0x0000000008006da4       0xb0 ./Drivers/STM32F7xx_HAL_Driver/Src/stm32f7xx_hal_tim.o
 .text.TIM_OC5_SetConfig
                0x0000000008006e54       0xa4 ./Drivers/STM32F7xx_HAL_Driver/Src/stm32f7xx_hal_tim.o
 .text.TIM_OC6_SetConfig
                0x0000000008006ef8       0xa8 ./Drivers/STM32F7xx_HAL_Driver/Src/stm32f7xx_hal_tim.o
 .text.TIM_TI1_SetConfig
                0x0000000008006fa0       0xe8 ./Drivers/STM32F7xx_HAL_Driver/Src/stm32f7xx_hal_tim.o
                0x0000000008006fa0                TIM_TI1_SetConfig
 .text.TIM_TI1_ConfigInputStage
                0x0000000008007088       0x5e ./Drivers/STM32F7xx_HAL_Driver/Src/stm32f7xx_hal_tim.o
 .text.TIM_TI2_SetConfig
                0x00000000080070e6       0x7a ./Drivers/STM32F7xx_HAL_Driver/Src/stm32f7xx_hal_tim.o
 .text.TIM_TI2_ConfigInputStage
                0x0000000008007160       0x60 ./Drivers/STM32F7xx_HAL_Driver/Src/stm32f7xx_hal_tim.o
 .text.TIM_TI3_SetConfig
                0x00000000080071c0       0x78 ./Drivers/STM32F7xx_HAL_Driver/Src/stm32f7xx_hal_tim.o
 .text.TIM_TI4_SetConfig
                0x0000000008007238       0x7a ./Drivers/STM32F7xx_HAL_Driver/Src/stm32f7xx_hal_tim.o
 .text.TIM_ITRx_SetConfig
                0x00000000080072b2       0x36 ./Drivers/STM32F7xx_HAL_Driver/Src/stm32f7xx_hal_tim.o
 .text.TIM_ETR_SetConfig
                0x00000000080072e8       0x40 ./Drivers/STM32F7xx_HAL_Driver/Src/stm32f7xx_hal_tim.o
                0x00000000080072e8                TIM_ETR_SetConfig
 .text.TIM_CCxChannelCmd
                0x0000000008007328       0x4a ./Drivers/STM32F7xx_HAL_Driver/Src/stm32f7xx_hal_tim.o
                0x0000000008007328                TIM_CCxChannelCmd
 *fill*         0x0000000008007372        0x2 
 .text.HAL_TIMEx_MasterConfigSynchronization
                0x0000000008007374      0x11c ./Drivers/STM32F7xx_HAL_Driver/Src/stm32f7xx_hal_tim_ex.o
                0x0000000008007374                HAL_TIMEx_MasterConfigSynchronization
 .text.HAL_TIMEx_ConfigBreakDeadTime
                0x0000000008007490       0xfc ./Drivers/STM32F7xx_HAL_Driver/Src/stm32f7xx_hal_tim_ex.o
                0x0000000008007490                HAL_TIMEx_ConfigBreakDeadTime
 .text.HAL_TIMEx_CommutCallback
                0x000000000800758c       0x14 ./Drivers/STM32F7xx_HAL_Driver/Src/stm32f7xx_hal_tim_ex.o
                0x000000000800758c                HAL_TIMEx_CommutCallback
 .text.HAL_TIMEx_BreakCallback
                0x00000000080075a0       0x14 ./Drivers/STM32F7xx_HAL_Driver/Src/stm32f7xx_hal_tim_ex.o
                0x00000000080075a0                HAL_TIMEx_BreakCallback
 .text.HAL_TIMEx_Break2Callback
                0x00000000080075b4       0x14 ./Drivers/STM32F7xx_HAL_Driver/Src/stm32f7xx_hal_tim_ex.o
                0x00000000080075b4                HAL_TIMEx_Break2Callback
 .text.HAL_UART_Init
                0x00000000080075c8       0x9c ./Drivers/STM32F7xx_HAL_Driver/Src/stm32f7xx_hal_uart.o
                0x00000000080075c8                HAL_UART_Init
 .text.HAL_UART_Transmit
                0x0000000008007664      0x106 ./Drivers/STM32F7xx_HAL_Driver/Src/stm32f7xx_hal_uart.o
                0x0000000008007664                HAL_UART_Transmit
 .text.HAL_UART_Receive
                0x000000000800776a      0x188 ./Drivers/STM32F7xx_HAL_Driver/Src/stm32f7xx_hal_uart.o
                0x000000000800776a                HAL_UART_Receive
 *fill*         0x00000000080078f2        0x2 
 .text.UART_SetConfig
                0x00000000080078f4      0x4c8 ./Drivers/STM32F7xx_HAL_Driver/Src/stm32f7xx_hal_uart.o
                0x00000000080078f4                UART_SetConfig
 .text.UART_AdvFeatureConfig
                0x0000000008007dbc      0x144 ./Drivers/STM32F7xx_HAL_Driver/Src/stm32f7xx_hal_uart.o
                0x0000000008007dbc                UART_AdvFeatureConfig
 .text.UART_CheckIdleState
                0x0000000008007f00       0x9a ./Drivers/STM32F7xx_HAL_Driver/Src/stm32f7xx_hal_uart.o
                0x0000000008007f00                UART_CheckIdleState
 .text.UART_WaitOnFlagUntilTimeout
                0x0000000008007f9a      0x18c ./Drivers/STM32F7xx_HAL_Driver/Src/stm32f7xx_hal_uart.o
                0x0000000008007f9a                UART_WaitOnFlagUntilTimeout
 .text.__cvt    0x0000000008008126       0xa4 /home/eugen/st/stm32cubeide_1.14.0/plugins/com.st.stm32cube.ide.mcu.externaltools.gnu-tools-for-stm32.11.3.rel1.linux64_1.1.100.202309141235/tools/bin/../lib/gcc/arm-none-eabi/11.3.1/../../../../arm-none-eabi/lib/thumb/v7e-m+dp/hard/libc_nano.a(libc_a-nano-vfprintf_float.o)
                0x0000000008008126                __cvt
 .text.__exponent
                0x00000000080081ca       0x7c /home/eugen/st/stm32cubeide_1.14.0/plugins/com.st.stm32cube.ide.mcu.externaltools.gnu-tools-for-stm32.11.3.rel1.linux64_1.1.100.202309141235/tools/bin/../lib/gcc/arm-none-eabi/11.3.1/../../../../arm-none-eabi/lib/thumb/v7e-m+dp/hard/libc_nano.a(libc_a-nano-vfprintf_float.o)
                0x00000000080081ca                __exponent
 *fill*         0x0000000008008246        0x2 
 .text._printf_float
                0x0000000008008248      0x434 /home/eugen/st/stm32cubeide_1.14.0/plugins/com.st.stm32cube.ide.mcu.externaltools.gnu-tools-for-stm32.11.3.rel1.linux64_1.1.100.202309141235/tools/bin/../lib/gcc/arm-none-eabi/11.3.1/../../../../arm-none-eabi/lib/thumb/v7e-m+dp/hard/libc_nano.a(libc_a-nano-vfprintf_float.o)
                0x0000000008008248                _printf_float
 .text._printf_common
                0x000000000800867c       0xda /home/eugen/st/stm32cubeide_1.14.0/plugins/com.st.stm32cube.ide.mcu.externaltools.gnu-tools-for-stm32.11.3.rel1.linux64_1.1.100.202309141235/tools/bin/../lib/gcc/arm-none-eabi/11.3.1/../../../../arm-none-eabi/lib/thumb/v7e-m+dp/hard/libc_nano.a(libc_a-nano-vfprintf_i.o)
                0x000000000800867c                _printf_common
 *fill*         0x0000000008008756        0x2 
 .text._printf_i
                0x0000000008008758      0x244 /home/eugen/st/stm32cubeide_1.14.0/plugins/com.st.stm32cube.ide.mcu.externaltools.gnu-tools-for-stm32.11.3.rel1.linux64_1.1.100.202309141235/tools/bin/../lib/gcc/arm-none-eabi/11.3.1/../../../../arm-none-eabi/lib/thumb/v7e-m+dp/hard/libc_nano.a(libc_a-nano-vfprintf_i.o)
                0x0000000008008758                _printf_i
 .text.std      0x000000000800899c       0x6c /home/eugen/st/stm32cubeide_1.14.0/plugins/com.st.stm32cube.ide.mcu.externaltools.gnu-tools-for-stm32.11.3.rel1.linux64_1.1.100.202309141235/tools/bin/../lib/gcc/arm-none-eabi/11.3.1/../../../../arm-none-eabi/lib/thumb/v7e-m+dp/hard/libc_nano.a(libc_a-findfp.o)
 .text.stdio_exit_handler
                0x0000000008008a08       0x18 /home/eugen/st/stm32cubeide_1.14.0/plugins/com.st.stm32cube.ide.mcu.externaltools.gnu-tools-for-stm32.11.3.rel1.linux64_1.1.100.202309141235/tools/bin/../lib/gcc/arm-none-eabi/11.3.1/../../../../arm-none-eabi/lib/thumb/v7e-m+dp/hard/libc_nano.a(libc_a-findfp.o)
 .text.cleanup_stdio
                0x0000000008008a20       0x40 /home/eugen/st/stm32cubeide_1.14.0/plugins/com.st.stm32cube.ide.mcu.externaltools.gnu-tools-for-stm32.11.3.rel1.linux64_1.1.100.202309141235/tools/bin/../lib/gcc/arm-none-eabi/11.3.1/../../../../arm-none-eabi/lib/thumb/v7e-m+dp/hard/libc_nano.a(libc_a-findfp.o)
 .text.global_stdio_init.part.0
                0x0000000008008a60       0x3c /home/eugen/st/stm32cubeide_1.14.0/plugins/com.st.stm32cube.ide.mcu.externaltools.gnu-tools-for-stm32.11.3.rel1.linux64_1.1.100.202309141235/tools/bin/../lib/gcc/arm-none-eabi/11.3.1/../../../../arm-none-eabi/lib/thumb/v7e-m+dp/hard/libc_nano.a(libc_a-findfp.o)
 .text.__sfp_lock_acquire
                0x0000000008008a9c        0xc /home/eugen/st/stm32cubeide_1.14.0/plugins/com.st.stm32cube.ide.mcu.externaltools.gnu-tools-for-stm32.11.3.rel1.linux64_1.1.100.202309141235/tools/bin/../lib/gcc/arm-none-eabi/11.3.1/../../../../arm-none-eabi/lib/thumb/v7e-m+dp/hard/libc_nano.a(libc_a-findfp.o)
                0x0000000008008a9c                __sfp_lock_acquire
 .text.__sfp_lock_release
                0x0000000008008aa8        0xc /home/eugen/st/stm32cubeide_1.14.0/plugins/com.st.stm32cube.ide.mcu.externaltools.gnu-tools-for-stm32.11.3.rel1.linux64_1.1.100.202309141235/tools/bin/../lib/gcc/arm-none-eabi/11.3.1/../../../../arm-none-eabi/lib/thumb/v7e-m+dp/hard/libc_nano.a(libc_a-findfp.o)
                0x0000000008008aa8                __sfp_lock_release
 .text.__sinit  0x0000000008008ab4       0x30 /home/eugen/st/stm32cubeide_1.14.0/plugins/com.st.stm32cube.ide.mcu.externaltools.gnu-tools-for-stm32.11.3.rel1.linux64_1.1.100.202309141235/tools/bin/../lib/gcc/arm-none-eabi/11.3.1/../../../../arm-none-eabi/lib/thumb/v7e-m+dp/hard/libc_nano.a(libc_a-findfp.o)
                0x0000000008008ab4                __sinit
 .text._fwalk_sglue
                0x0000000008008ae4       0x3c /home/eugen/st/stm32cubeide_1.14.0/plugins/com.st.stm32cube.ide.mcu.externaltools.gnu-tools-for-stm32.11.3.rel1.linux64_1.1.100.202309141235/tools/bin/../lib/gcc/arm-none-eabi/11.3.1/../../../../arm-none-eabi/lib/thumb/v7e-m+dp/hard/libc_nano.a(libc_a-fwalk.o)
                0x0000000008008ae4                _fwalk_sglue
 .text.printf   0x0000000008008b20       0x24 /home/eugen/st/stm32cubeide_1.14.0/plugins/com.st.stm32cube.ide.mcu.externaltools.gnu-tools-for-stm32.11.3.rel1.linux64_1.1.100.202309141235/tools/bin/../lib/gcc/arm-none-eabi/11.3.1/../../../../arm-none-eabi/lib/thumb/v7e-m+dp/hard/libc_nano.a(libc_a-printf.o)
                0x0000000008008b20                printf
                0x0000000008008b20                iprintf
 .text._puts_r  0x0000000008008b44       0xa8 /home/eugen/st/stm32cubeide_1.14.0/plugins/com.st.stm32cube.ide.mcu.externaltools.gnu-tools-for-stm32.11.3.rel1.linux64_1.1.100.202309141235/tools/bin/../lib/gcc/arm-none-eabi/11.3.1/../../../../arm-none-eabi/lib/thumb/v7e-m+dp/hard/libc_nano.a(libc_a-puts.o)
                0x0000000008008b44                _puts_r
 .text.puts     0x0000000008008bec       0x10 /home/eugen/st/stm32cubeide_1.14.0/plugins/com.st.stm32cube.ide.mcu.externaltools.gnu-tools-for-stm32.11.3.rel1.linux64_1.1.100.202309141235/tools/bin/../lib/gcc/arm-none-eabi/11.3.1/../../../../arm-none-eabi/lib/thumb/v7e-m+dp/hard/libc_nano.a(libc_a-puts.o)
                0x0000000008008bec                puts
 .text.__sread  0x0000000008008bfc       0x22 /home/eugen/st/stm32cubeide_1.14.0/plugins/com.st.stm32cube.ide.mcu.externaltools.gnu-tools-for-stm32.11.3.rel1.linux64_1.1.100.202309141235/tools/bin/../lib/gcc/arm-none-eabi/11.3.1/../../../../arm-none-eabi/lib/thumb/v7e-m+dp/hard/libc_nano.a(libc_a-stdio.o)
                0x0000000008008bfc                __sread
 .text.__swrite
                0x0000000008008c1e       0x38 /home/eugen/st/stm32cubeide_1.14.0/plugins/com.st.stm32cube.ide.mcu.externaltools.gnu-tools-for-stm32.11.3.rel1.linux64_1.1.100.202309141235/tools/bin/../lib/gcc/arm-none-eabi/11.3.1/../../../../arm-none-eabi/lib/thumb/v7e-m+dp/hard/libc_nano.a(libc_a-stdio.o)
                0x0000000008008c1e                __swrite
 .text.__sseek  0x0000000008008c56       0x24 /home/eugen/st/stm32cubeide_1.14.0/plugins/com.st.stm32cube.ide.mcu.externaltools.gnu-tools-for-stm32.11.3.rel1.linux64_1.1.100.202309141235/tools/bin/../lib/gcc/arm-none-eabi/11.3.1/../../../../arm-none-eabi/lib/thumb/v7e-m+dp/hard/libc_nano.a(libc_a-stdio.o)
                0x0000000008008c56                __sseek
 .text.__sclose
                0x0000000008008c7a        0x8 /home/eugen/st/stm32cubeide_1.14.0/plugins/com.st.stm32cube.ide.mcu.externaltools.gnu-tools-for-stm32.11.3.rel1.linux64_1.1.100.202309141235/tools/bin/../lib/gcc/arm-none-eabi/11.3.1/../../../../arm-none-eabi/lib/thumb/v7e-m+dp/hard/libc_nano.a(libc_a-stdio.o)
                0x0000000008008c7a                __sclose
 .text.__swbuf_r
                0x0000000008008c82       0x7a /home/eugen/st/stm32cubeide_1.14.0/plugins/com.st.stm32cube.ide.mcu.externaltools.gnu-tools-for-stm32.11.3.rel1.linux64_1.1.100.202309141235/tools/bin/../lib/gcc/arm-none-eabi/11.3.1/../../../../arm-none-eabi/lib/thumb/v7e-m+dp/hard/libc_nano.a(libc_a-wbuf.o)
                0x0000000008008c82                __swbuf_r
 .text.__swsetup_r
                0x0000000008008cfc       0xb0 /home/eugen/st/stm32cubeide_1.14.0/plugins/com.st.stm32cube.ide.mcu.externaltools.gnu-tools-for-stm32.11.3.rel1.linux64_1.1.100.202309141235/tools/bin/../lib/gcc/arm-none-eabi/11.3.1/../../../../arm-none-eabi/lib/thumb/v7e-m+dp/hard/libc_nano.a(libc_a-wsetup.o)
                0x0000000008008cfc                __swsetup_r
 .text.memset   0x0000000008008dac       0x10 /home/eugen/st/stm32cubeide_1.14.0/plugins/com.st.stm32cube.ide.mcu.externaltools.gnu-tools-for-stm32.11.3.rel1.linux64_1.1.100.202309141235/tools/bin/../lib/gcc/arm-none-eabi/11.3.1/../../../../arm-none-eabi/lib/thumb/v7e-m+dp/hard/libc_nano.a(libc_a-memset.o)
                0x0000000008008dac                memset
 .text._localeconv_r
                0x0000000008008dbc        0x8 /home/eugen/st/stm32cubeide_1.14.0/plugins/com.st.stm32cube.ide.mcu.externaltools.gnu-tools-for-stm32.11.3.rel1.linux64_1.1.100.202309141235/tools/bin/../lib/gcc/arm-none-eabi/11.3.1/../../../../arm-none-eabi/lib/thumb/v7e-m+dp/hard/libc_nano.a(libc_a-localeconv.o)
                0x0000000008008dbc                _localeconv_r
 .text._close_r
                0x0000000008008dc4       0x20 /home/eugen/st/stm32cubeide_1.14.0/plugins/com.st.stm32cube.ide.mcu.externaltools.gnu-tools-for-stm32.11.3.rel1.linux64_1.1.100.202309141235/tools/bin/../lib/gcc/arm-none-eabi/11.3.1/../../../../arm-none-eabi/lib/thumb/v7e-m+dp/hard/libc_nano.a(libc_a-closer.o)
                0x0000000008008dc4                _close_r
 .text._lseek_r
                0x0000000008008de4       0x24 /home/eugen/st/stm32cubeide_1.14.0/plugins/com.st.stm32cube.ide.mcu.externaltools.gnu-tools-for-stm32.11.3.rel1.linux64_1.1.100.202309141235/tools/bin/../lib/gcc/arm-none-eabi/11.3.1/../../../../arm-none-eabi/lib/thumb/v7e-m+dp/hard/libc_nano.a(libc_a-lseekr.o)
                0x0000000008008de4                _lseek_r
 .text._read_r  0x0000000008008e08       0x24 /home/eugen/st/stm32cubeide_1.14.0/plugins/com.st.stm32cube.ide.mcu.externaltools.gnu-tools-for-stm32.11.3.rel1.linux64_1.1.100.202309141235/tools/bin/../lib/gcc/arm-none-eabi/11.3.1/../../../../arm-none-eabi/lib/thumb/v7e-m+dp/hard/libc_nano.a(libc_a-readr.o)
                0x0000000008008e08                _read_r
 .text._write_r
                0x0000000008008e2c       0x24 /home/eugen/st/stm32cubeide_1.14.0/plugins/com.st.stm32cube.ide.mcu.externaltools.gnu-tools-for-stm32.11.3.rel1.linux64_1.1.100.202309141235/tools/bin/../lib/gcc/arm-none-eabi/11.3.1/../../../../arm-none-eabi/lib/thumb/v7e-m+dp/hard/libc_nano.a(libc_a-writer.o)
                0x0000000008008e2c                _write_r
 .text.__errno  0x0000000008008e50        0xc /home/eugen/st/stm32cubeide_1.14.0/plugins/com.st.stm32cube.ide.mcu.externaltools.gnu-tools-for-stm32.11.3.rel1.linux64_1.1.100.202309141235/tools/bin/../lib/gcc/arm-none-eabi/11.3.1/../../../../arm-none-eabi/lib/thumb/v7e-m+dp/hard/libc_nano.a(libc_a-errno.o)
                0x0000000008008e50                __errno
 .text.__libc_init_array
                0x0000000008008e5c       0x48 /home/eugen/st/stm32cubeide_1.14.0/plugins/com.st.stm32cube.ide.mcu.externaltools.gnu-tools-for-stm32.11.3.rel1.linux64_1.1.100.202309141235/tools/bin/../lib/gcc/arm-none-eabi/11.3.1/../../../../arm-none-eabi/lib/thumb/v7e-m+dp/hard/libc_nano.a(libc_a-init.o)
                0x0000000008008e5c                __libc_init_array
 .text.__retarget_lock_init_recursive
                0x0000000008008ea4        0x2 /home/eugen/st/stm32cubeide_1.14.0/plugins/com.st.stm32cube.ide.mcu.externaltools.gnu-tools-for-stm32.11.3.rel1.linux64_1.1.100.202309141235/tools/bin/../lib/gcc/arm-none-eabi/11.3.1/../../../../arm-none-eabi/lib/thumb/v7e-m+dp/hard/libc_nano.a(libc_a-lock.o)
                0x0000000008008ea4                __retarget_lock_init_recursive
 .text.__retarget_lock_acquire_recursive
                0x0000000008008ea6        0x2 /home/eugen/st/stm32cubeide_1.14.0/plugins/com.st.stm32cube.ide.mcu.externaltools.gnu-tools-for-stm32.11.3.rel1.linux64_1.1.100.202309141235/tools/bin/../lib/gcc/arm-none-eabi/11.3.1/../../../../arm-none-eabi/lib/thumb/v7e-m+dp/hard/libc_nano.a(libc_a-lock.o)
                0x0000000008008ea6                __retarget_lock_acquire_recursive
 .text.__retarget_lock_release_recursive
                0x0000000008008ea8        0x2 /home/eugen/st/stm32cubeide_1.14.0/plugins/com.st.stm32cube.ide.mcu.externaltools.gnu-tools-for-stm32.11.3.rel1.linux64_1.1.100.202309141235/tools/bin/../lib/gcc/arm-none-eabi/11.3.1/../../../../arm-none-eabi/lib/thumb/v7e-m+dp/hard/libc_nano.a(libc_a-lock.o)
                0x0000000008008ea8                __retarget_lock_release_recursive
 .text.memcpy   0x0000000008008eaa       0x1c /home/eugen/st/stm32cubeide_1.14.0/plugins/com.st.stm32cube.ide.mcu.externaltools.gnu-tools-for-stm32.11.3.rel1.linux64_1.1.100.202309141235/tools/bin/../lib/gcc/arm-none-eabi/11.3.1/../../../../arm-none-eabi/lib/thumb/v7e-m+dp/hard/libc_nano.a(libc_a-memcpy-stub.o)
                0x0000000008008eaa                memcpy
 .text.quorem   0x0000000008008ec6      0x110 /home/eugen/st/stm32cubeide_1.14.0/plugins/com.st.stm32cube.ide.mcu.externaltools.gnu-tools-for-stm32.11.3.rel1.linux64_1.1.100.202309141235/tools/bin/../lib/gcc/arm-none-eabi/11.3.1/../../../../arm-none-eabi/lib/thumb/v7e-m+dp/hard/libc_nano.a(libc_a-dtoa.o)
 *fill*         0x0000000008008fd6        0x2 
 .text._dtoa_r  0x0000000008008fd8      0xad8 /home/eugen/st/stm32cubeide_1.14.0/plugins/com.st.stm32cube.ide.mcu.externaltools.gnu-tools-for-stm32.11.3.rel1.linux64_1.1.100.202309141235/tools/bin/../lib/gcc/arm-none-eabi/11.3.1/../../../../arm-none-eabi/lib/thumb/v7e-m+dp/hard/libc_nano.a(libc_a-dtoa.o)
                0x0000000008008fd8                _dtoa_r
 .text._free_r  0x0000000008009ab0       0x98 /home/eugen/st/stm32cubeide_1.14.0/plugins/com.st.stm32cube.ide.mcu.externaltools.gnu-tools-for-stm32.11.3.rel1.linux64_1.1.100.202309141235/tools/bin/../lib/gcc/arm-none-eabi/11.3.1/../../../../arm-none-eabi/lib/thumb/v7e-m+dp/hard/libc_nano.a(libc_a-freer.o)
                0x0000000008009ab0                _free_r
 .text.malloc   0x0000000008009b48       0x10 /home/eugen/st/stm32cubeide_1.14.0/plugins/com.st.stm32cube.ide.mcu.externaltools.gnu-tools-for-stm32.11.3.rel1.linux64_1.1.100.202309141235/tools/bin/../lib/gcc/arm-none-eabi/11.3.1/../../../../arm-none-eabi/lib/thumb/v7e-m+dp/hard/libc_nano.a(libc_a-malloc.o)
                0x0000000008009b48                malloc
 .text.sbrk_aligned
                0x0000000008009b58       0x40 /home/eugen/st/stm32cubeide_1.14.0/plugins/com.st.stm32cube.ide.mcu.externaltools.gnu-tools-for-stm32.11.3.rel1.linux64_1.1.100.202309141235/tools/bin/../lib/gcc/arm-none-eabi/11.3.1/../../../../arm-none-eabi/lib/thumb/v7e-m+dp/hard/libc_nano.a(libc_a-mallocr.o)
 .text._malloc_r
                0x0000000008009b98      0x100 /home/eugen/st/stm32cubeide_1.14.0/plugins/com.st.stm32cube.ide.mcu.externaltools.gnu-tools-for-stm32.11.3.rel1.linux64_1.1.100.202309141235/tools/bin/../lib/gcc/arm-none-eabi/11.3.1/../../../../arm-none-eabi/lib/thumb/v7e-m+dp/hard/libc_nano.a(libc_a-mallocr.o)
                0x0000000008009b98                _malloc_r
 .text.__malloc_lock
                0x0000000008009c98        0xc /home/eugen/st/stm32cubeide_1.14.0/plugins/com.st.stm32cube.ide.mcu.externaltools.gnu-tools-for-stm32.11.3.rel1.linux64_1.1.100.202309141235/tools/bin/../lib/gcc/arm-none-eabi/11.3.1/../../../../arm-none-eabi/lib/thumb/v7e-m+dp/hard/libc_nano.a(libc_a-mlock.o)
                0x0000000008009c98                __malloc_lock
 .text.__malloc_unlock
                0x0000000008009ca4        0xc /home/eugen/st/stm32cubeide_1.14.0/plugins/com.st.stm32cube.ide.mcu.externaltools.gnu-tools-for-stm32.11.3.rel1.linux64_1.1.100.202309141235/tools/bin/../lib/gcc/arm-none-eabi/11.3.1/../../../../arm-none-eabi/lib/thumb/v7e-m+dp/hard/libc_nano.a(libc_a-mlock.o)
                0x0000000008009ca4                __malloc_unlock
 .text._Balloc  0x0000000008009cb0       0x80 /home/eugen/st/stm32cubeide_1.14.0/plugins/com.st.stm32cube.ide.mcu.externaltools.gnu-tools-for-stm32.11.3.rel1.linux64_1.1.100.202309141235/tools/bin/../lib/gcc/arm-none-eabi/11.3.1/../../../../arm-none-eabi/lib/thumb/v7e-m+dp/hard/libc_nano.a(libc_a-mprec.o)
                0x0000000008009cb0                _Balloc
 .text._Bfree   0x0000000008009d30       0x44 /home/eugen/st/stm32cubeide_1.14.0/plugins/com.st.stm32cube.ide.mcu.externaltools.gnu-tools-for-stm32.11.3.rel1.linux64_1.1.100.202309141235/tools/bin/../lib/gcc/arm-none-eabi/11.3.1/../../../../arm-none-eabi/lib/thumb/v7e-m+dp/hard/libc_nano.a(libc_a-mprec.o)
                0x0000000008009d30                _Bfree
 .text.__multadd
                0x0000000008009d74       0x8c /home/eugen/st/stm32cubeide_1.14.0/plugins/com.st.stm32cube.ide.mcu.externaltools.gnu-tools-for-stm32.11.3.rel1.linux64_1.1.100.202309141235/tools/bin/../lib/gcc/arm-none-eabi/11.3.1/../../../../arm-none-eabi/lib/thumb/v7e-m+dp/hard/libc_nano.a(libc_a-mprec.o)
                0x0000000008009d74                __multadd
 .text.__hi0bits
                0x0000000008009e00       0x40 /home/eugen/st/stm32cubeide_1.14.0/plugins/com.st.stm32cube.ide.mcu.externaltools.gnu-tools-for-stm32.11.3.rel1.linux64_1.1.100.202309141235/tools/bin/../lib/gcc/arm-none-eabi/11.3.1/../../../../arm-none-eabi/lib/thumb/v7e-m+dp/hard/libc_nano.a(libc_a-mprec.o)
                0x0000000008009e00                __hi0bits
 .text.__lo0bits
                0x0000000008009e40       0x5a /home/eugen/st/stm32cubeide_1.14.0/plugins/com.st.stm32cube.ide.mcu.externaltools.gnu-tools-for-stm32.11.3.rel1.linux64_1.1.100.202309141235/tools/bin/../lib/gcc/arm-none-eabi/11.3.1/../../../../arm-none-eabi/lib/thumb/v7e-m+dp/hard/libc_nano.a(libc_a-mprec.o)
                0x0000000008009e40                __lo0bits
 *fill*         0x0000000008009e9a        0x2 
 .text.__i2b    0x0000000008009e9c       0x2c /home/eugen/st/stm32cubeide_1.14.0/plugins/com.st.stm32cube.ide.mcu.externaltools.gnu-tools-for-stm32.11.3.rel1.linux64_1.1.100.202309141235/tools/bin/../lib/gcc/arm-none-eabi/11.3.1/../../../../arm-none-eabi/lib/thumb/v7e-m+dp/hard/libc_nano.a(libc_a-mprec.o)
                0x0000000008009e9c                __i2b
 .text.__multiply
                0x0000000008009ec8      0x154 /home/eugen/st/stm32cubeide_1.14.0/plugins/com.st.stm32cube.ide.mcu.externaltools.gnu-tools-for-stm32.11.3.rel1.linux64_1.1.100.202309141235/tools/bin/../lib/gcc/arm-none-eabi/11.3.1/../../../../arm-none-eabi/lib/thumb/v7e-m+dp/hard/libc_nano.a(libc_a-mprec.o)
                0x0000000008009ec8                __multiply
 .text.__pow5mult
                0x000000000800a01c       0xb4 /home/eugen/st/stm32cubeide_1.14.0/plugins/com.st.stm32cube.ide.mcu.externaltools.gnu-tools-for-stm32.11.3.rel1.linux64_1.1.100.202309141235/tools/bin/../lib/gcc/arm-none-eabi/11.3.1/../../../../arm-none-eabi/lib/thumb/v7e-m+dp/hard/libc_nano.a(libc_a-mprec.o)
                0x000000000800a01c                __pow5mult
 .text.__lshift
                0x000000000800a0d0       0xd8 /home/eugen/st/stm32cubeide_1.14.0/plugins/com.st.stm32cube.ide.mcu.externaltools.gnu-tools-for-stm32.11.3.rel1.linux64_1.1.100.202309141235/tools/bin/../lib/gcc/arm-none-eabi/11.3.1/../../../../arm-none-eabi/lib/thumb/v7e-m+dp/hard/libc_nano.a(libc_a-mprec.o)
                0x000000000800a0d0                __lshift
 .text.__mcmp   0x000000000800a1a8       0x38 /home/eugen/st/stm32cubeide_1.14.0/plugins/com.st.stm32cube.ide.mcu.externaltools.gnu-tools-for-stm32.11.3.rel1.linux64_1.1.100.202309141235/tools/bin/../lib/gcc/arm-none-eabi/11.3.1/../../../../arm-none-eabi/lib/thumb/v7e-m+dp/hard/libc_nano.a(libc_a-mprec.o)
                0x000000000800a1a8                __mcmp
 .text.__mdiff  0x000000000800a1e0      0x114 /home/eugen/st/stm32cubeide_1.14.0/plugins/com.st.stm32cube.ide.mcu.externaltools.gnu-tools-for-stm32.11.3.rel1.linux64_1.1.100.202309141235/tools/bin/../lib/gcc/arm-none-eabi/11.3.1/../../../../arm-none-eabi/lib/thumb/v7e-m+dp/hard/libc_nano.a(libc_a-mprec.o)
                0x000000000800a1e0                __mdiff
 .text.__d2b    0x000000000800a2f4       0xb4 /home/eugen/st/stm32cubeide_1.14.0/plugins/com.st.stm32cube.ide.mcu.externaltools.gnu-tools-for-stm32.11.3.rel1.linux64_1.1.100.202309141235/tools/bin/../lib/gcc/arm-none-eabi/11.3.1/../../../../arm-none-eabi/lib/thumb/v7e-m+dp/hard/libc_nano.a(libc_a-mprec.o)
                0x000000000800a2f4                __d2b
 .text.__sfputc_r
                0x000000000800a3a8       0x2e /home/eugen/st/stm32cubeide_1.14.0/plugins/com.st.stm32cube.ide.mcu.externaltools.gnu-tools-for-stm32.11.3.rel1.linux64_1.1.100.202309141235/tools/bin/../lib/gcc/arm-none-eabi/11.3.1/../../../../arm-none-eabi/lib/thumb/v7e-m+dp/hard/libc_nano.a(libc_a-nano-vfprintf.o)
 .text.__sfputs_r
                0x000000000800a3d6       0x24 /home/eugen/st/stm32cubeide_1.14.0/plugins/com.st.stm32cube.ide.mcu.externaltools.gnu-tools-for-stm32.11.3.rel1.linux64_1.1.100.202309141235/tools/bin/../lib/gcc/arm-none-eabi/11.3.1/../../../../arm-none-eabi/lib/thumb/v7e-m+dp/hard/libc_nano.a(libc_a-nano-vfprintf.o)
                0x000000000800a3d6                __sfputs_r
 *fill*         0x000000000800a3fa        0x2 
 .text._vfprintf_r
                0x000000000800a3fc      0x234 /home/eugen/st/stm32cubeide_1.14.0/plugins/com.st.stm32cube.ide.mcu.externaltools.gnu-tools-for-stm32.11.3.rel1.linux64_1.1.100.202309141235/tools/bin/../lib/gcc/arm-none-eabi/11.3.1/../../../../arm-none-eabi/lib/thumb/v7e-m+dp/hard/libc_nano.a(libc_a-nano-vfprintf.o)
                0x000000000800a3fc                _vfiprintf_r
                0x000000000800a3fc                _vfprintf_r
 .text.__sflush_r
                0x000000000800a630      0x10c /home/eugen/st/stm32cubeide_1.14.0/plugins/com.st.stm32cube.ide.mcu.externaltools.gnu-tools-for-stm32.11.3.rel1.linux64_1.1.100.202309141235/tools/bin/../lib/gcc/arm-none-eabi/11.3.1/../../../../arm-none-eabi/lib/thumb/v7e-m+dp/hard/libc_nano.a(libc_a-fflush.o)
                0x000000000800a630                __sflush_r
 .text._fflush_r
                0x000000000800a73c       0x50 /home/eugen/st/stm32cubeide_1.14.0/plugins/com.st.stm32cube.ide.mcu.externaltools.gnu-tools-for-stm32.11.3.rel1.linux64_1.1.100.202309141235/tools/bin/../lib/gcc/arm-none-eabi/11.3.1/../../../../arm-none-eabi/lib/thumb/v7e-m+dp/hard/libc_nano.a(libc_a-fflush.o)
                0x000000000800a73c                _fflush_r
 .text.__swhatbuf_r
                0x000000000800a78c       0x4c /home/eugen/st/stm32cubeide_1.14.0/plugins/com.st.stm32cube.ide.mcu.externaltools.gnu-tools-for-stm32.11.3.rel1.linux64_1.1.100.202309141235/tools/bin/../lib/gcc/arm-none-eabi/11.3.1/../../../../arm-none-eabi/lib/thumb/v7e-m+dp/hard/libc_nano.a(libc_a-makebuf.o)
                0x000000000800a78c                __swhatbuf_r
 .text.__smakebuf_r
                0x000000000800a7d8       0x78 /home/eugen/st/stm32cubeide_1.14.0/plugins/com.st.stm32cube.ide.mcu.externaltools.gnu-tools-for-stm32.11.3.rel1.linux64_1.1.100.202309141235/tools/bin/../lib/gcc/arm-none-eabi/11.3.1/../../../../arm-none-eabi/lib/thumb/v7e-m+dp/hard/libc_nano.a(libc_a-makebuf.o)
                0x000000000800a7d8                __smakebuf_r
 .text._fstat_r
                0x000000000800a850       0x24 /home/eugen/st/stm32cubeide_1.14.0/plugins/com.st.stm32cube.ide.mcu.externaltools.gnu-tools-for-stm32.11.3.rel1.linux64_1.1.100.202309141235/tools/bin/../lib/gcc/arm-none-eabi/11.3.1/../../../../arm-none-eabi/lib/thumb/v7e-m+dp/hard/libc_nano.a(libc_a-fstatr.o)
                0x000000000800a850                _fstat_r
 .text._isatty_r
                0x000000000800a874       0x20 /home/eugen/st/stm32cubeide_1.14.0/plugins/com.st.stm32cube.ide.mcu.externaltools.gnu-tools-for-stm32.11.3.rel1.linux64_1.1.100.202309141235/tools/bin/../lib/gcc/arm-none-eabi/11.3.1/../../../../arm-none-eabi/lib/thumb/v7e-m+dp/hard/libc_nano.a(libc_a-isattyr.o)
                0x000000000800a874                _isatty_r
 .text._sbrk_r  0x000000000800a894       0x20 /home/eugen/st/stm32cubeide_1.14.0/plugins/com.st.stm32cube.ide.mcu.externaltools.gnu-tools-for-stm32.11.3.rel1.linux64_1.1.100.202309141235/tools/bin/../lib/gcc/arm-none-eabi/11.3.1/../../../../arm-none-eabi/lib/thumb/v7e-m+dp/hard/libc_nano.a(libc_a-sbrkr.o)
                0x000000000800a894                _sbrk_r
 .text.__assert_func
                0x000000000800a8b4       0x3c /home/eugen/st/stm32cubeide_1.14.0/plugins/com.st.stm32cube.ide.mcu.externaltools.gnu-tools-for-stm32.11.3.rel1.linux64_1.1.100.202309141235/tools/bin/../lib/gcc/arm-none-eabi/11.3.1/../../../../arm-none-eabi/lib/thumb/v7e-m+dp/hard/libc_nano.a(libc_a-assert.o)
                0x000000000800a8b4                __assert_func
 .text._calloc_r
                0x000000000800a8f0       0x2c /home/eugen/st/stm32cubeide_1.14.0/plugins/com.st.stm32cube.ide.mcu.externaltools.gnu-tools-for-stm32.11.3.rel1.linux64_1.1.100.202309141235/tools/bin/../lib/gcc/arm-none-eabi/11.3.1/../../../../arm-none-eabi/lib/thumb/v7e-m+dp/hard/libc_nano.a(libc_a-callocr.o)
                0x000000000800a8f0                _calloc_r
 .text.__ascii_mbtowc
                0x000000000800a91c       0x24 /home/eugen/st/stm32cubeide_1.14.0/plugins/com.st.stm32cube.ide.mcu.externaltools.gnu-tools-for-stm32.11.3.rel1.linux64_1.1.100.202309141235/tools/bin/../lib/gcc/arm-none-eabi/11.3.1/../../../../arm-none-eabi/lib/thumb/v7e-m+dp/hard/libc_nano.a(libc_a-mbtowc_r.o)
                0x000000000800a91c                __ascii_mbtowc
 .text.__ascii_wctomb
                0x000000000800a940       0x1a /home/eugen/st/stm32cubeide_1.14.0/plugins/com.st.stm32cube.ide.mcu.externaltools.gnu-tools-for-stm32.11.3.rel1.linux64_1.1.100.202309141235/tools/bin/../lib/gcc/arm-none-eabi/11.3.1/../../../../arm-none-eabi/lib/thumb/v7e-m+dp/hard/libc_nano.a(libc_a-wctomb_r.o)
                0x000000000800a940                __ascii_wctomb
 *fill*         0x000000000800a95a        0x2 
 .text.fprintf  0x000000000800a95c       0x24 /home/eugen/st/stm32cubeide_1.14.0/plugins/com.st.stm32cube.ide.mcu.externaltools.gnu-tools-for-stm32.11.3.rel1.linux64_1.1.100.202309141235/tools/bin/../lib/gcc/arm-none-eabi/11.3.1/../../../../arm-none-eabi/lib/thumb/v7e-m+dp/hard/libc_nano.a(libc_a-fprintf.o)
                0x000000000800a95c                fprintf
                0x000000000800a95c                fiprintf
 .text.abort    0x000000000800a980        0xe /home/eugen/st/stm32cubeide_1.14.0/plugins/com.st.stm32cube.ide.mcu.externaltools.gnu-tools-for-stm32.11.3.rel1.linux64_1.1.100.202309141235/tools/bin/../lib/gcc/arm-none-eabi/11.3.1/../../../../arm-none-eabi/lib/thumb/v7e-m+dp/hard/libc_nano.a(libc_a-abort.o)
                0x000000000800a980                abort
 .text._raise_r
                0x000000000800a98e       0x50 /home/eugen/st/stm32cubeide_1.14.0/plugins/com.st.stm32cube.ide.mcu.externaltools.gnu-tools-for-stm32.11.3.rel1.linux64_1.1.100.202309141235/tools/bin/../lib/gcc/arm-none-eabi/11.3.1/../../../../arm-none-eabi/lib/thumb/v7e-m+dp/hard/libc_nano.a(libc_a-signal.o)
                0x000000000800a98e                _raise_r
 *fill*         0x000000000800a9de        0x2 
 .text.raise    0x000000000800a9e0       0x10 /home/eugen/st/stm32cubeide_1.14.0/plugins/com.st.stm32cube.ide.mcu.externaltools.gnu-tools-for-stm32.11.3.rel1.linux64_1.1.100.202309141235/tools/bin/../lib/gcc/arm-none-eabi/11.3.1/../../../../arm-none-eabi/lib/thumb/v7e-m+dp/hard/libc_nano.a(libc_a-signal.o)
                0x000000000800a9e0                raise
 .text._kill_r  0x000000000800a9f0       0x24 /home/eugen/st/stm32cubeide_1.14.0/plugins/com.st.stm32cube.ide.mcu.externaltools.gnu-tools-for-stm32.11.3.rel1.linux64_1.1.100.202309141235/tools/bin/../lib/gcc/arm-none-eabi/11.3.1/../../../../arm-none-eabi/lib/thumb/v7e-m+dp/hard/libc_nano.a(libc_a-signalr.o)
                0x000000000800a9f0                _kill_r
 .text._getpid_r
                0x000000000800aa14        0x4 /home/eugen/st/stm32cubeide_1.14.0/plugins/com.st.stm32cube.ide.mcu.externaltools.gnu-tools-for-stm32.11.3.rel1.linux64_1.1.100.202309141235/tools/bin/../lib/gcc/arm-none-eabi/11.3.1/../../../../arm-none-eabi/lib/thumb/v7e-m+dp/hard/libc_nano.a(libc_a-signalr.o)
                0x000000000800aa14                _getpid_r
 *(.glue_7)
 .glue_7        0x000000000800aa18        0x0 linker stubs
 *(.glue_7t)
 .glue_7t       0x000000000800aa18        0x0 linker stubs
 *(.eh_frame)
 .eh_frame      0x000000000800aa18        0x0 /home/eugen/st/stm32cubeide_1.14.0/plugins/com.st.stm32cube.ide.mcu.externaltools.gnu-tools-for-stm32.11.3.rel1.linux64_1.1.100.202309141235/tools/bin/../lib/gcc/arm-none-eabi/11.3.1/thumb/v7e-m+dp/hard/crtbegin.o
 *(.init)
 .init          0x000000000800aa18        0x4 /home/eugen/st/stm32cubeide_1.14.0/plugins/com.st.stm32cube.ide.mcu.externaltools.gnu-tools-for-stm32.11.3.rel1.linux64_1.1.100.202309141235/tools/bin/../lib/gcc/arm-none-eabi/11.3.1/thumb/v7e-m+dp/hard/crti.o
                0x000000000800aa18                _init
 .init          0x000000000800aa1c        0x8 /home/eugen/st/stm32cubeide_1.14.0/plugins/com.st.stm32cube.ide.mcu.externaltools.gnu-tools-for-stm32.11.3.rel1.linux64_1.1.100.202309141235/tools/bin/../lib/gcc/arm-none-eabi/11.3.1/thumb/v7e-m+dp/hard/crtn.o
 *(.fini)
 .fini          0x000000000800aa24        0x4 /home/eugen/st/stm32cubeide_1.14.0/plugins/com.st.stm32cube.ide.mcu.externaltools.gnu-tools-for-stm32.11.3.rel1.linux64_1.1.100.202309141235/tools/bin/../lib/gcc/arm-none-eabi/11.3.1/thumb/v7e-m+dp/hard/crti.o
                0x000000000800aa24                _fini
 .fini          0x000000000800aa28        0x8 /home/eugen/st/stm32cubeide_1.14.0/plugins/com.st.stm32cube.ide.mcu.externaltools.gnu-tools-for-stm32.11.3.rel1.linux64_1.1.100.202309141235/tools/bin/../lib/gcc/arm-none-eabi/11.3.1/thumb/v7e-m+dp/hard/crtn.o
                0x000000000800aa30                . = ALIGN (0x4)
                0x000000000800aa30                _etext = .

.vfp11_veneer   0x000000000800aa30        0x0
 .vfp11_veneer  0x000000000800aa30        0x0 linker stubs

.v4_bx          0x000000000800aa30        0x0
 .v4_bx         0x000000000800aa30        0x0 linker stubs

.iplt           0x000000000800aa30        0x0
 .iplt          0x000000000800aa30        0x0 /home/eugen/st/stm32cubeide_1.14.0/plugins/com.st.stm32cube.ide.mcu.externaltools.gnu-tools-for-stm32.11.3.rel1.linux64_1.1.100.202309141235/tools/bin/../lib/gcc/arm-none-eabi/11.3.1/thumb/v7e-m+dp/hard/crtbegin.o

.rodata         0x000000000800aa30      0x3d4
                0x000000000800aa30                . = ALIGN (0x4)
 *(.rodata)
 .rodata        0x000000000800aa30       0x4a ./Core/Src/main.o
 *(.rodata*)
 *fill*         0x000000000800aa7a        0x2 
 .rodata.AHBPrescTable
                0x000000000800aa7c       0x10 ./Core/Src/system_stm32f7xx.o
                0x000000000800aa7c                AHBPrescTable
 .rodata.APBPrescTable
                0x000000000800aa8c        0x8 ./Core/Src/system_stm32f7xx.o
                0x000000000800aa8c                APBPrescTable
 .rodata._printf_float.str1.1
                0x000000000800aa94       0x12 /home/eugen/st/stm32cubeide_1.14.0/plugins/com.st.stm32cube.ide.mcu.externaltools.gnu-tools-for-stm32.11.3.rel1.linux64_1.1.100.202309141235/tools/bin/../lib/gcc/arm-none-eabi/11.3.1/../../../../arm-none-eabi/lib/thumb/v7e-m+dp/hard/libc_nano.a(libc_a-nano-vfprintf_float.o)
 .rodata._printf_i.str1.1
                0x000000000800aaa6       0x22 /home/eugen/st/stm32cubeide_1.14.0/plugins/com.st.stm32cube.ide.mcu.externaltools.gnu-tools-for-stm32.11.3.rel1.linux64_1.1.100.202309141235/tools/bin/../lib/gcc/arm-none-eabi/11.3.1/../../../../arm-none-eabi/lib/thumb/v7e-m+dp/hard/libc_nano.a(libc_a-nano-vfprintf_i.o)
 .rodata._dtoa_r.str1.1
                0x000000000800aac8       0x8d /home/eugen/st/stm32cubeide_1.14.0/plugins/com.st.stm32cube.ide.mcu.externaltools.gnu-tools-for-stm32.11.3.rel1.linux64_1.1.100.202309141235/tools/bin/../lib/gcc/arm-none-eabi/11.3.1/../../../../arm-none-eabi/lib/thumb/v7e-m+dp/hard/libc_nano.a(libc_a-dtoa.o)
                                         0x8f (size before relaxing)
 .rodata._Balloc.str1.1
                0x000000000800ab55       0x59 /home/eugen/st/stm32cubeide_1.14.0/plugins/com.st.stm32cube.ide.mcu.externaltools.gnu-tools-for-stm32.11.3.rel1.linux64_1.1.100.202309141235/tools/bin/../lib/gcc/arm-none-eabi/11.3.1/../../../../arm-none-eabi/lib/thumb/v7e-m+dp/hard/libc_nano.a(libc_a-mprec.o)
                                         0x70 (size before relaxing)
 .rodata.__multadd.str1.1
                0x000000000800abae       0x11 /home/eugen/st/stm32cubeide_1.14.0/plugins/com.st.stm32cube.ide.mcu.externaltools.gnu-tools-for-stm32.11.3.rel1.linux64_1.1.100.202309141235/tools/bin/../lib/gcc/arm-none-eabi/11.3.1/../../../../arm-none-eabi/lib/thumb/v7e-m+dp/hard/libc_nano.a(libc_a-mprec.o)
 *fill*         0x000000000800abae        0x2 
 .rodata.__mprec_bigtens
                0x000000000800abb0       0x28 /home/eugen/st/stm32cubeide_1.14.0/plugins/com.st.stm32cube.ide.mcu.externaltools.gnu-tools-for-stm32.11.3.rel1.linux64_1.1.100.202309141235/tools/bin/../lib/gcc/arm-none-eabi/11.3.1/../../../../arm-none-eabi/lib/thumb/v7e-m+dp/hard/libc_nano.a(libc_a-mprec.o)
                0x000000000800abb0                __mprec_bigtens
 .rodata.__mprec_tens
                0x000000000800abd8       0xc8 /home/eugen/st/stm32cubeide_1.14.0/plugins/com.st.stm32cube.ide.mcu.externaltools.gnu-tools-for-stm32.11.3.rel1.linux64_1.1.100.202309141235/tools/bin/../lib/gcc/arm-none-eabi/11.3.1/../../../../arm-none-eabi/lib/thumb/v7e-m+dp/hard/libc_nano.a(libc_a-mprec.o)
                0x000000000800abd8                __mprec_tens
 .rodata.p05.0  0x000000000800aca0        0xc /home/eugen/st/stm32cubeide_1.14.0/plugins/com.st.stm32cube.ide.mcu.externaltools.gnu-tools-for-stm32.11.3.rel1.linux64_1.1.100.202309141235/tools/bin/../lib/gcc/arm-none-eabi/11.3.1/../../../../arm-none-eabi/lib/thumb/v7e-m+dp/hard/libc_nano.a(libc_a-mprec.o)
 .rodata._vfprintf_r.str1.1
                0x000000000800acac       0x11 /home/eugen/st/stm32cubeide_1.14.0/plugins/com.st.stm32cube.ide.mcu.externaltools.gnu-tools-for-stm32.11.3.rel1.linux64_1.1.100.202309141235/tools/bin/../lib/gcc/arm-none-eabi/11.3.1/../../../../arm-none-eabi/lib/thumb/v7e-m+dp/hard/libc_nano.a(libc_a-nano-vfprintf.o)
 .rodata._setlocale_r.str1.1
                0x000000000800acbd        0x8 /home/eugen/st/stm32cubeide_1.14.0/plugins/com.st.stm32cube.ide.mcu.externaltools.gnu-tools-for-stm32.11.3.rel1.linux64_1.1.100.202309141235/tools/bin/../lib/gcc/arm-none-eabi/11.3.1/../../../../arm-none-eabi/lib/thumb/v7e-m+dp/hard/libc_nano.a(libc_a-locale.o)
                                          0x9 (size before relaxing)
 .rodata.str1.1
                0x000000000800acc5        0x2 /home/eugen/st/stm32cubeide_1.14.0/plugins/com.st.stm32cube.ide.mcu.externaltools.gnu-tools-for-stm32.11.3.rel1.linux64_1.1.100.202309141235/tools/bin/../lib/gcc/arm-none-eabi/11.3.1/../../../../arm-none-eabi/lib/thumb/v7e-m+dp/hard/libc_nano.a(libc_a-locale.o)
 .rodata.__assert_func.str1.1
                0x000000000800acc7       0x3c /home/eugen/st/stm32cubeide_1.14.0/plugins/com.st.stm32cube.ide.mcu.externaltools.gnu-tools-for-stm32.11.3.rel1.linux64_1.1.100.202309141235/tools/bin/../lib/gcc/arm-none-eabi/11.3.1/../../../../arm-none-eabi/lib/thumb/v7e-m+dp/hard/libc_nano.a(libc_a-assert.o)
                                         0x3d (size before relaxing)
 .rodata._ctype_
                0x000000000800ad03      0x101 /home/eugen/st/stm32cubeide_1.14.0/plugins/com.st.stm32cube.ide.mcu.externaltools.gnu-tools-for-stm32.11.3.rel1.linux64_1.1.100.202309141235/tools/bin/../lib/gcc/arm-none-eabi/11.3.1/../../../../arm-none-eabi/lib/thumb/v7e-m+dp/hard/libc_nano.a(libc_a-ctype_.o)
                0x000000000800ad03                _ctype_
                0x000000000800ae04                . = ALIGN (0x4)

.ARM.extab      0x000000000800ae04        0x0
                0x000000000800ae04                . = ALIGN (0x4)
 *(.ARM.extab* .gnu.linkonce.armextab.*)
                0x000000000800ae04                . = ALIGN (0x4)

.ARM            0x000000000800ae04        0x8
                0x000000000800ae04                . = ALIGN (0x4)
                0x000000000800ae04                __exidx_start = .
 *(.ARM.exidx*)
 .ARM.exidx     0x000000000800ae04        0x8 /home/eugen/st/stm32cubeide_1.14.0/plugins/com.st.stm32cube.ide.mcu.externaltools.gnu-tools-for-stm32.11.3.rel1.linux64_1.1.100.202309141235/tools/bin/../lib/gcc/arm-none-eabi/11.3.1/thumb/v7e-m+dp/hard/libgcc.a(_udivmoddi4.o)
                0x000000000800ae0c                __exidx_end = .
                0x000000000800ae0c                . = ALIGN (0x4)

.rel.dyn        0x000000000800ae0c        0x0
 .rel.iplt      0x000000000800ae0c        0x0 /home/eugen/st/stm32cubeide_1.14.0/plugins/com.st.stm32cube.ide.mcu.externaltools.gnu-tools-for-stm32.11.3.rel1.linux64_1.1.100.202309141235/tools/bin/../lib/gcc/arm-none-eabi/11.3.1/thumb/v7e-m+dp/hard/crtbegin.o

.preinit_array  0x000000000800ae0c        0x0
                0x000000000800ae0c                . = ALIGN (0x4)
                0x000000000800ae0c                PROVIDE (__preinit_array_start = .)
 *(.preinit_array*)
                0x000000000800ae0c                PROVIDE (__preinit_array_end = .)
                0x000000000800ae0c                . = ALIGN (0x4)

.init_array     0x000000000800ae0c        0x4
                0x000000000800ae0c                . = ALIGN (0x4)
                0x000000000800ae0c                PROVIDE (__init_array_start = .)
 *(SORT_BY_NAME(.init_array.*))
 *(.init_array*)
 .init_array    0x000000000800ae0c        0x4 /home/eugen/st/stm32cubeide_1.14.0/plugins/com.st.stm32cube.ide.mcu.externaltools.gnu-tools-for-stm32.11.3.rel1.linux64_1.1.100.202309141235/tools/bin/../lib/gcc/arm-none-eabi/11.3.1/thumb/v7e-m+dp/hard/crtbegin.o
                0x000000000800ae10                PROVIDE (__init_array_end = .)
                0x000000000800ae10                . = ALIGN (0x4)

.fini_array     0x000000000800ae10        0x4
                0x000000000800ae10                . = ALIGN (0x4)
                [!provide]                        PROVIDE (__fini_array_start = .)
 *(SORT_BY_NAME(.fini_array.*))
 *(.fini_array*)
 .fini_array    0x000000000800ae10        0x4 /home/eugen/st/stm32cubeide_1.14.0/plugins/com.st.stm32cube.ide.mcu.externaltools.gnu-tools-for-stm32.11.3.rel1.linux64_1.1.100.202309141235/tools/bin/../lib/gcc/arm-none-eabi/11.3.1/thumb/v7e-m+dp/hard/crtbegin.o
                [!provide]                        PROVIDE (__fini_array_end = .)
                0x000000000800ae14                . = ALIGN (0x4)
                0x000000000800ae14                _sidata = LOADADDR (.data)

.data           0x0000000020000000      0x1e4 load address 0x000000000800ae14
                0x0000000020000000                . = ALIGN (0x4)
                0x0000000020000000                _sdata = .
 *(.data)
 *(.data*)
 .data.BASE_SPEED
                0x0000000020000000        0x4 ./Core/Src/main.o
                0x0000000020000000                BASE_SPEED
 .data.w        0x0000000020000004        0x8 ./Core/Src/main.o
                0x0000000020000004                w
 .data.prev_error
                0x000000002000000c        0x1 ./Core/Src/main.o
                0x000000002000000c                prev_error
 .data.first_time.1
                0x000000002000000d        0x1 ./Core/Src/main.o
 *fill*         0x000000002000000e        0x2 
 .data.SystemCoreClock
                0x0000000020000010        0x4 ./Core/Src/system_stm32f7xx.o
                0x0000000020000010                SystemCoreClock
 .data.uwTickPrio
                0x0000000020000014        0x4 ./Drivers/STM32F7xx_HAL_Driver/Src/stm32f7xx_hal.o
                0x0000000020000014                uwTickPrio
 .data.uwTickFreq
                0x0000000020000018        0x1 ./Drivers/STM32F7xx_HAL_Driver/Src/stm32f7xx_hal.o
                0x0000000020000018                uwTickFreq
 *fill*         0x0000000020000019        0x3 
 .data.__sglue  0x000000002000001c        0xc /home/eugen/st/stm32cubeide_1.14.0/plugins/com.st.stm32cube.ide.mcu.externaltools.gnu-tools-for-stm32.11.3.rel1.linux64_1.1.100.202309141235/tools/bin/../lib/gcc/arm-none-eabi/11.3.1/../../../../arm-none-eabi/lib/thumb/v7e-m+dp/hard/libc_nano.a(libc_a-findfp.o)
                0x000000002000001c                __sglue
 .data._impure_data
                0x0000000020000028       0x4c /home/eugen/st/stm32cubeide_1.14.0/plugins/com.st.stm32cube.ide.mcu.externaltools.gnu-tools-for-stm32.11.3.rel1.linux64_1.1.100.202309141235/tools/bin/../lib/gcc/arm-none-eabi/11.3.1/../../../../arm-none-eabi/lib/thumb/v7e-m+dp/hard/libc_nano.a(libc_a-impure.o)
                0x0000000020000028                _impure_data
 .data._impure_ptr
                0x0000000020000074        0x4 /home/eugen/st/stm32cubeide_1.14.0/plugins/com.st.stm32cube.ide.mcu.externaltools.gnu-tools-for-stm32.11.3.rel1.linux64_1.1.100.202309141235/tools/bin/../lib/gcc/arm-none-eabi/11.3.1/../../../../arm-none-eabi/lib/thumb/v7e-m+dp/hard/libc_nano.a(libc_a-impure.o)
                0x0000000020000074                _impure_ptr
 .data.__global_locale
                0x0000000020000078      0x16c /home/eugen/st/stm32cubeide_1.14.0/plugins/com.st.stm32cube.ide.mcu.externaltools.gnu-tools-for-stm32.11.3.rel1.linux64_1.1.100.202309141235/tools/bin/../lib/gcc/arm-none-eabi/11.3.1/../../../../arm-none-eabi/lib/thumb/v7e-m+dp/hard/libc_nano.a(libc_a-locale.o)
                0x0000000020000078                __global_locale
 *(.RamFunc)
 *(.RamFunc*)
                0x00000000200001e4                . = ALIGN (0x4)
                0x00000000200001e4                _edata = .

.igot.plt       0x00000000200001e4        0x0 load address 0x000000000800aff8
 .igot.plt      0x00000000200001e4        0x0 /home/eugen/st/stm32cubeide_1.14.0/plugins/com.st.stm32cube.ide.mcu.externaltools.gnu-tools-for-stm32.11.3.rel1.linux64_1.1.100.202309141235/tools/bin/../lib/gcc/arm-none-eabi/11.3.1/thumb/v7e-m+dp/hard/crtbegin.o
                0x00000000200001e4                . = ALIGN (0x4)

.bss            0x00000000200001e4      0x91c load address 0x000000000800aff8
                0x00000000200001e4                _sbss = .
                0x00000000200001e4                __bss_start__ = _sbss
 *(.bss)
 .bss           0x00000000200001e4       0x1c /home/eugen/st/stm32cubeide_1.14.0/plugins/com.st.stm32cube.ide.mcu.externaltools.gnu-tools-for-stm32.11.3.rel1.linux64_1.1.100.202309141235/tools/bin/../lib/gcc/arm-none-eabi/11.3.1/thumb/v7e-m+dp/hard/crtbegin.o
 *(.bss*)
 .bss.hadc1     0x0000000020000200       0x48 ./Core/Src/main.o
                0x0000000020000200                hadc1
 .bss.hi2c1     0x0000000020000248       0x54 ./Core/Src/main.o
                0x0000000020000248                hi2c1
 .bss.hi2c2     0x000000002000029c       0x54 ./Core/Src/main.o
                0x000000002000029c                hi2c2
 .bss.hspi1     0x00000000200002f0       0x64 ./Core/Src/main.o
                0x00000000200002f0                hspi1
 .bss.htim1     0x0000000020000354       0x4c ./Core/Src/main.o
                0x0000000020000354                htim1
 .bss.htim2     0x00000000200003a0       0x4c ./Core/Src/main.o
                0x00000000200003a0                htim2
 .bss.htim3     0x00000000200003ec       0x4c ./Core/Src/main.o
                0x00000000200003ec                htim3
 .bss.htim4     0x0000000020000438       0x4c ./Core/Src/main.o
                0x0000000020000438                htim4
 .bss.htim5     0x0000000020000484       0x4c ./Core/Src/main.o
                0x0000000020000484                htim5
 .bss.htim6     0x00000000200004d0       0x4c ./Core/Src/main.o
                0x00000000200004d0                htim6
 .bss.htim8     0x000000002000051c       0x4c ./Core/Src/main.o
                0x000000002000051c                htim8
 .bss.htim9     0x0000000020000568       0x4c ./Core/Src/main.o
                0x0000000020000568                htim9
 .bss.huart4    0x00000000200005b4       0x88 ./Core/Src/main.o
                0x00000000200005b4                huart4
 .bss.huart5    0x000000002000063c       0x88 ./Core/Src/main.o
                0x000000002000063c                huart5
 .bss.huart1    0x00000000200006c4       0x88 ./Core/Src/main.o
                0x00000000200006c4                huart1
 .bss.huart2    0x000000002000074c       0x88 ./Core/Src/main.o
                0x000000002000074c                huart2
 .bss.huart3    0x00000000200007d4       0x88 ./Core/Src/main.o
                0x00000000200007d4                huart3
 .bss.logger    0x000000002000085c       0xcc ./Core/Src/main.o
                0x000000002000085c                logger
 .bss.SPEED_REFERENCE_A
                0x0000000020000928        0x4 ./Core/Src/main.o
                0x0000000020000928                SPEED_REFERENCE_A
 .bss.SPEED_REFERENCE_B
                0x000000002000092c        0x4 ./Core/Src/main.o
                0x000000002000092c                SPEED_REFERENCE_B
 .bss.e         0x0000000020000930        0x1 ./Core/Src/main.o
                0x0000000020000930                e
 *fill*         0x0000000020000931        0x3 
 .bss.data      0x0000000020000934       0x14 ./Core/Src/main.o
                0x0000000020000934                data
 .bss.encoder_instance_motA
                0x0000000020000948        0xc ./Core/Src/main.o
                0x0000000020000948                encoder_instance_motA
 .bss.encoder_instance_motB
                0x0000000020000954        0xc ./Core/Src/main.o
                0x0000000020000954                encoder_instance_motB
 .bss.pid_A     0x0000000020000960       0x18 ./Core/Src/main.o
                0x0000000020000960                pid_A
 .bss.pid_B     0x0000000020000978       0x18 ./Core/Src/main.o
                0x0000000020000978                pid_B
 .bss.pid_line  0x0000000020000990       0x18 ./Core/Src/main.o
                0x0000000020000990                pid_line
 .bss.line_data.0
                0x00000000200009a8        0x1 ./Core/Src/main.o
 *fill*         0x00000000200009a9        0x3 
 .bss.__sbrk_heap_end
                0x00000000200009ac        0x4 ./Core/Src/sysmem.o
 .bss.uwTick    0x00000000200009b0        0x4 ./Drivers/STM32F7xx_HAL_Driver/Src/stm32f7xx_hal.o
                0x00000000200009b0                uwTick
 .bss.__sf      0x00000000200009b4      0x138 /home/eugen/st/stm32cubeide_1.14.0/plugins/com.st.stm32cube.ide.mcu.externaltools.gnu-tools-for-stm32.11.3.rel1.linux64_1.1.100.202309141235/tools/bin/../lib/gcc/arm-none-eabi/11.3.1/../../../../arm-none-eabi/lib/thumb/v7e-m+dp/hard/libc_nano.a(libc_a-findfp.o)
                0x00000000200009b4                __sf
 .bss.__stdio_exit_handler
                0x0000000020000aec        0x4 /home/eugen/st/stm32cubeide_1.14.0/plugins/com.st.stm32cube.ide.mcu.externaltools.gnu-tools-for-stm32.11.3.rel1.linux64_1.1.100.202309141235/tools/bin/../lib/gcc/arm-none-eabi/11.3.1/../../../../arm-none-eabi/lib/thumb/v7e-m+dp/hard/libc_nano.a(libc_a-findfp.o)
                0x0000000020000aec                __stdio_exit_handler
 .bss.errno     0x0000000020000af0        0x4 /home/eugen/st/stm32cubeide_1.14.0/plugins/com.st.stm32cube.ide.mcu.externaltools.gnu-tools-for-stm32.11.3.rel1.linux64_1.1.100.202309141235/tools/bin/../lib/gcc/arm-none-eabi/11.3.1/../../../../arm-none-eabi/lib/thumb/v7e-m+dp/hard/libc_nano.a(libc_a-reent.o)
                0x0000000020000af0                errno
 .bss.__lock___malloc_recursive_mutex
                0x0000000020000af4        0x1 /home/eugen/st/stm32cubeide_1.14.0/plugins/com.st.stm32cube.ide.mcu.externaltools.gnu-tools-for-stm32.11.3.rel1.linux64_1.1.100.202309141235/tools/bin/../lib/gcc/arm-none-eabi/11.3.1/../../../../arm-none-eabi/lib/thumb/v7e-m+dp/hard/libc_nano.a(libc_a-lock.o)
                0x0000000020000af4                __lock___malloc_recursive_mutex
 .bss.__lock___sfp_recursive_mutex
                0x0000000020000af5        0x1 /home/eugen/st/stm32cubeide_1.14.0/plugins/com.st.stm32cube.ide.mcu.externaltools.gnu-tools-for-stm32.11.3.rel1.linux64_1.1.100.202309141235/tools/bin/../lib/gcc/arm-none-eabi/11.3.1/../../../../arm-none-eabi/lib/thumb/v7e-m+dp/hard/libc_nano.a(libc_a-lock.o)
                0x0000000020000af5                __lock___sfp_recursive_mutex
 *fill*         0x0000000020000af6        0x2 
 .bss.__malloc_free_list
                0x0000000020000af8        0x4 /home/eugen/st/stm32cubeide_1.14.0/plugins/com.st.stm32cube.ide.mcu.externaltools.gnu-tools-for-stm32.11.3.rel1.linux64_1.1.100.202309141235/tools/bin/../lib/gcc/arm-none-eabi/11.3.1/../../../../arm-none-eabi/lib/thumb/v7e-m+dp/hard/libc_nano.a(libc_a-mallocr.o)
                0x0000000020000af8                __malloc_free_list
 .bss.__malloc_sbrk_start
                0x0000000020000afc        0x4 /home/eugen/st/stm32cubeide_1.14.0/plugins/com.st.stm32cube.ide.mcu.externaltools.gnu-tools-for-stm32.11.3.rel1.linux64_1.1.100.202309141235/tools/bin/../lib/gcc/arm-none-eabi/11.3.1/../../../../arm-none-eabi/lib/thumb/v7e-m+dp/hard/libc_nano.a(libc_a-mallocr.o)
                0x0000000020000afc                __malloc_sbrk_start
 *(COMMON)
                0x0000000020000b00                . = ALIGN (0x4)
                0x0000000020000b00                _ebss = .
                0x0000000020000b00                __bss_end__ = _ebss

._user_heap_stack
                0x0000000020000b00      0x600 load address 0x000000000800aff8
                0x0000000020000b00                . = ALIGN (0x8)
                [!provide]                        PROVIDE (end = .)
                0x0000000020000b00                PROVIDE (_end = .)
                0x0000000020000d00                . = (. + _Min_Heap_Size)
 *fill*         0x0000000020000b00      0x200 
                0x0000000020001100                . = (. + _Min_Stack_Size)
 *fill*         0x0000000020000d00      0x400 
                0x0000000020001100                . = ALIGN (0x8)

/DISCARD/
 libc.a(*)
 libm.a(*)
 libgcc.a(*)

.ARM.attributes
                0x0000000000000000       0x2e
 *(.ARM.attributes)
 .ARM.attributes
                0x0000000000000000       0x1e /home/eugen/st/stm32cubeide_1.14.0/plugins/com.st.stm32cube.ide.mcu.externaltools.gnu-tools-for-stm32.11.3.rel1.linux64_1.1.100.202309141235/tools/bin/../lib/gcc/arm-none-eabi/11.3.1/thumb/v7e-m+dp/hard/crti.o
 .ARM.attributes
                0x000000000000001e       0x32 /home/eugen/st/stm32cubeide_1.14.0/plugins/com.st.stm32cube.ide.mcu.externaltools.gnu-tools-for-stm32.11.3.rel1.linux64_1.1.100.202309141235/tools/bin/../lib/gcc/arm-none-eabi/11.3.1/thumb/v7e-m+dp/hard/crtbegin.o
 .ARM.attributes
                0x0000000000000050       0x32 ./Core/Src/cobs.o
 .ARM.attributes
                0x0000000000000082       0x32 ./Core/Src/ertc-datalogger.o
 .ARM.attributes
                0x00000000000000b4       0x32 ./Core/Src/main.o
 .ARM.attributes
                0x00000000000000e6       0x32 ./Core/Src/stm32f7xx_hal_msp.o
 .ARM.attributes
                0x0000000000000118       0x32 ./Core/Src/stm32f7xx_it.o
 .ARM.attributes
                0x000000000000014a       0x32 ./Core/Src/syscalls.o
 .ARM.attributes
                0x000000000000017c       0x32 ./Core/Src/sysmem.o
 .ARM.attributes
                0x00000000000001ae       0x32 ./Core/Src/system_stm32f7xx.o
 .ARM.attributes
                0x00000000000001e0       0x21 ./Core/Startup/startup_stm32f767zitx.o
 .ARM.attributes
                0x0000000000000201       0x32 ./Drivers/STM32F7xx_HAL_Driver/Src/stm32f7xx_hal.o
 .ARM.attributes
                0x0000000000000233       0x32 ./Drivers/STM32F7xx_HAL_Driver/Src/stm32f7xx_hal_adc.o
 .ARM.attributes
                0x0000000000000265       0x32 ./Drivers/STM32F7xx_HAL_Driver/Src/stm32f7xx_hal_cortex.o
 .ARM.attributes
                0x0000000000000297       0x32 ./Drivers/STM32F7xx_HAL_Driver/Src/stm32f7xx_hal_gpio.o
 .ARM.attributes
                0x00000000000002c9       0x32 ./Drivers/STM32F7xx_HAL_Driver/Src/stm32f7xx_hal_i2c.o
 .ARM.attributes
                0x00000000000002fb       0x32 ./Drivers/STM32F7xx_HAL_Driver/Src/stm32f7xx_hal_i2c_ex.o
 .ARM.attributes
                0x000000000000032d       0x32 ./Drivers/STM32F7xx_HAL_Driver/Src/stm32f7xx_hal_pwr.o
 .ARM.attributes
                0x000000000000035f       0x32 ./Drivers/STM32F7xx_HAL_Driver/Src/stm32f7xx_hal_pwr_ex.o
 .ARM.attributes
                0x0000000000000391       0x32 ./Drivers/STM32F7xx_HAL_Driver/Src/stm32f7xx_hal_rcc.o
 .ARM.attributes
                0x00000000000003c3       0x32 ./Drivers/STM32F7xx_HAL_Driver/Src/stm32f7xx_hal_rcc_ex.o
 .ARM.attributes
                0x00000000000003f5       0x32 ./Drivers/STM32F7xx_HAL_Driver/Src/stm32f7xx_hal_spi.o
 .ARM.attributes
                0x0000000000000427       0x32 ./Drivers/STM32F7xx_HAL_Driver/Src/stm32f7xx_hal_tim.o
 .ARM.attributes
                0x0000000000000459       0x32 ./Drivers/STM32F7xx_HAL_Driver/Src/stm32f7xx_hal_tim_ex.o
 .ARM.attributes
                0x000000000000048b       0x32 ./Drivers/STM32F7xx_HAL_Driver/Src/stm32f7xx_hal_uart.o
 .ARM.attributes
                0x00000000000004bd       0x32 /home/eugen/st/stm32cubeide_1.14.0/plugins/com.st.stm32cube.ide.mcu.externaltools.gnu-tools-for-stm32.11.3.rel1.linux64_1.1.100.202309141235/tools/bin/../lib/gcc/arm-none-eabi/11.3.1/../../../../arm-none-eabi/lib/thumb/v7e-m+dp/hard/libc_nano.a(libc_a-nano-vfprintf_float.o)
 .ARM.attributes